Archive member included to satisfy reference by file (symbol)

c:/sysgcc/arm-eabi/bin/../lib/gcc/arm-eabi/6.2.0/../../../../arm-eabi/lib/thumb/cortex_m3\libm.a(lib_a-w_pow.o)
                              main.o (pow)
c:/sysgcc/arm-eabi/bin/../lib/gcc/arm-eabi/6.2.0/../../../../arm-eabi/lib/thumb/cortex_m3\libm.a(lib_a-e_pow.o)
                              c:/sysgcc/arm-eabi/bin/../lib/gcc/arm-eabi/6.2.0/../../../../arm-eabi/lib/thumb/cortex_m3\libm.a(lib_a-w_pow.o) (__ieee754_pow)
c:/sysgcc/arm-eabi/bin/../lib/gcc/arm-eabi/6.2.0/../../../../arm-eabi/lib/thumb/cortex_m3\libm.a(lib_a-e_sqrt.o)
                              c:/sysgcc/arm-eabi/bin/../lib/gcc/arm-eabi/6.2.0/../../../../arm-eabi/lib/thumb/cortex_m3\libm.a(lib_a-e_pow.o) (__ieee754_sqrt)
c:/sysgcc/arm-eabi/bin/../lib/gcc/arm-eabi/6.2.0/../../../../arm-eabi/lib/thumb/cortex_m3\libm.a(lib_a-s_fabs.o)
                              c:/sysgcc/arm-eabi/bin/../lib/gcc/arm-eabi/6.2.0/../../../../arm-eabi/lib/thumb/cortex_m3\libm.a(lib_a-e_pow.o) (fabs)
c:/sysgcc/arm-eabi/bin/../lib/gcc/arm-eabi/6.2.0/../../../../arm-eabi/lib/thumb/cortex_m3\libm.a(lib_a-s_finite.o)
                              c:/sysgcc/arm-eabi/bin/../lib/gcc/arm-eabi/6.2.0/../../../../arm-eabi/lib/thumb/cortex_m3\libm.a(lib_a-w_pow.o) (finite)
c:/sysgcc/arm-eabi/bin/../lib/gcc/arm-eabi/6.2.0/../../../../arm-eabi/lib/thumb/cortex_m3\libm.a(lib_a-s_lib_ver.o)
                              c:/sysgcc/arm-eabi/bin/../lib/gcc/arm-eabi/6.2.0/../../../../arm-eabi/lib/thumb/cortex_m3\libm.a(lib_a-w_pow.o) (__fdlib_version)
c:/sysgcc/arm-eabi/bin/../lib/gcc/arm-eabi/6.2.0/../../../../arm-eabi/lib/thumb/cortex_m3\libm.a(lib_a-s_matherr.o)
                              c:/sysgcc/arm-eabi/bin/../lib/gcc/arm-eabi/6.2.0/../../../../arm-eabi/lib/thumb/cortex_m3\libm.a(lib_a-w_pow.o) (matherr)
c:/sysgcc/arm-eabi/bin/../lib/gcc/arm-eabi/6.2.0/../../../../arm-eabi/lib/thumb/cortex_m3\libm.a(lib_a-s_nan.o)
                              c:/sysgcc/arm-eabi/bin/../lib/gcc/arm-eabi/6.2.0/../../../../arm-eabi/lib/thumb/cortex_m3\libm.a(lib_a-e_pow.o) (nan)
c:/sysgcc/arm-eabi/bin/../lib/gcc/arm-eabi/6.2.0/../../../../arm-eabi/lib/thumb/cortex_m3\libm.a(lib_a-s_rint.o)
                              c:/sysgcc/arm-eabi/bin/../lib/gcc/arm-eabi/6.2.0/../../../../arm-eabi/lib/thumb/cortex_m3\libm.a(lib_a-w_pow.o) (rint)
c:/sysgcc/arm-eabi/bin/../lib/gcc/arm-eabi/6.2.0/../../../../arm-eabi/lib/thumb/cortex_m3\libm.a(lib_a-s_scalbn.o)
                              c:/sysgcc/arm-eabi/bin/../lib/gcc/arm-eabi/6.2.0/../../../../arm-eabi/lib/thumb/cortex_m3\libm.a(lib_a-e_pow.o) (scalbn)
c:/sysgcc/arm-eabi/bin/../lib/gcc/arm-eabi/6.2.0/../../../../arm-eabi/lib/thumb/cortex_m3\libm.a(lib_a-s_copysign.o)
                              c:/sysgcc/arm-eabi/bin/../lib/gcc/arm-eabi/6.2.0/../../../../arm-eabi/lib/thumb/cortex_m3\libm.a(lib_a-s_scalbn.o) (copysign)
c:/sysgcc/arm-eabi/bin/../lib/gcc/arm-eabi/6.2.0/thumb/cortex_m3\libgcc.a(_arm_addsubdf3.o)
                              main.o (__aeabi_dsub)
c:/sysgcc/arm-eabi/bin/../lib/gcc/arm-eabi/6.2.0/thumb/cortex_m3\libgcc.a(_arm_muldivdf3.o)
                              main.o (__aeabi_dmul)
c:/sysgcc/arm-eabi/bin/../lib/gcc/arm-eabi/6.2.0/thumb/cortex_m3\libgcc.a(_arm_cmpdf2.o)
                              c:/sysgcc/arm-eabi/bin/../lib/gcc/arm-eabi/6.2.0/../../../../arm-eabi/lib/thumb/cortex_m3\libm.a(lib_a-w_pow.o) (__aeabi_dcmpeq)
c:/sysgcc/arm-eabi/bin/../lib/gcc/arm-eabi/6.2.0/thumb/cortex_m3\libgcc.a(_arm_unorddf2.o)
                              c:/sysgcc/arm-eabi/bin/../lib/gcc/arm-eabi/6.2.0/../../../../arm-eabi/lib/thumb/cortex_m3\libm.a(lib_a-w_pow.o) (__aeabi_dcmpun)
c:/sysgcc/arm-eabi/bin/../lib/gcc/arm-eabi/6.2.0/thumb/cortex_m3\libgcc.a(_arm_fixdfsi.o)
                              main.o (__aeabi_d2iz)
c:/sysgcc/arm-eabi/bin/../lib/gcc/arm-eabi/6.2.0/thumb/cortex_m3\libgcc.a(_aeabi_ldivmod.o)
                              midi.o (__aeabi_ldivmod)
c:/sysgcc/arm-eabi/bin/../lib/gcc/arm-eabi/6.2.0/thumb/cortex_m3\libgcc.a(_aeabi_uldivmod.o)
                              keymatrix.o (__aeabi_uldivmod)
c:/sysgcc/arm-eabi/bin/../lib/gcc/arm-eabi/6.2.0/thumb/cortex_m3\libgcc.a(_udivmoddi4.o)
                              c:/sysgcc/arm-eabi/bin/../lib/gcc/arm-eabi/6.2.0/thumb/cortex_m3\libgcc.a(_aeabi_ldivmod.o) (__udivmoddi4)
c:/sysgcc/arm-eabi/bin/../lib/gcc/arm-eabi/6.2.0/thumb/cortex_m3\libgcc.a(_dvmd_tls.o)
                              c:/sysgcc/arm-eabi/bin/../lib/gcc/arm-eabi/6.2.0/thumb/cortex_m3\libgcc.a(_aeabi_ldivmod.o) (__aeabi_ldiv0)
c:/sysgcc/arm-eabi/bin/../lib/gcc/arm-eabi/6.2.0/../../../../arm-eabi/lib/thumb/cortex_m3\libc.a(lib_a-errno.o)
                              c:/sysgcc/arm-eabi/bin/../lib/gcc/arm-eabi/6.2.0/../../../../arm-eabi/lib/thumb/cortex_m3\libm.a(lib_a-w_pow.o) (__errno)
c:/sysgcc/arm-eabi/bin/../lib/gcc/arm-eabi/6.2.0/../../../../arm-eabi/lib/thumb/cortex_m3\libc.a(lib_a-impure.o)
                              c:/sysgcc/arm-eabi/bin/../lib/gcc/arm-eabi/6.2.0/../../../../arm-eabi/lib/thumb/cortex_m3\libc.a(lib_a-errno.o) (_impure_ptr)
c:/sysgcc/arm-eabi/bin/../lib/gcc/arm-eabi/6.2.0/../../../../arm-eabi/lib/thumb/cortex_m3\libc.a(lib_a-memset.o)
                              max7219.o (memset)

Allocating common symbols
Common symbol       size              file

__dso_handle        0x4               bmptk_cortex.o

Discarded input sections

 .group         0x00000000        0x8 keymatrix.o
 .group         0x00000000        0x8 keymatrix.o
 .group         0x00000000        0x8 keymatrix.o
 .group         0x00000000        0x8 keymatrix.o
 .group         0x00000000        0x8 keymatrix.o
 .group         0x00000000        0x8 keymatrix.o
 .group         0x00000000        0x8 keymatrix.o
 .group         0x00000000        0x8 keymatrix.o
 .group         0x00000000        0x8 keymatrix.o
 .group         0x00000000        0x8 keymatrix.o
 .group         0x00000000        0x8 keymatrix.o
 .group         0x00000000        0x8 keymatrix.o
 .text          0x00000000        0x0 keymatrix.o
 .data          0x00000000        0x0 keymatrix.o
 .bss           0x00000000        0x0 keymatrix.o
 .text._ZN3due11ad_pin_infoENS_7ad_pinsE
                0x00000000       0x1c keymatrix.o
 .text._ZN3due11ad_seq_infoEm
                0x00000000       0x20 keymatrix.o
 .text._ZN3due6now_usEv
                0x00000000       0x78 keymatrix.o
 .text._ZN5hwlib9uart_getcEv
                0x00000000       0x3c keymatrix.o
 .text._ZN5hwlib6now_usEv
                0x00000000        0x8 keymatrix.o
 .text._ZN9keymatrix11getNum_rowsEv
                0x00000000        0x4 keymatrix.o
 .text._ZN9keymatrix11getNum_colsEv
                0x00000000        0x4 keymatrix.o
 .bss._ZGVZN5hwlib9uart_getcEvE3pin
                0x00000000        0x4 keymatrix.o
 .bss._ZZN3due6now_usEvE4high
                0x00000000        0x8 keymatrix.o
 .bss._ZZN3due6now_usEvE8last_low
                0x00000000        0x4 keymatrix.o
 .bss._ZZN3due6now_usEvE9init_done
                0x00000000        0x1 keymatrix.o
 .bss._ZZN5hwlib9uart_getcEvE3pin
                0x00000000        0xc keymatrix.o
 .rodata._ZZN3due11ad_pin_infoENS_7ad_pinsEE17ad_pin_info_array
                0x00000000        0xc keymatrix.o
 .rodata._ZZN3due11ad_seq_infoEmE12ad_seq_array
                0x00000000       0x70 keymatrix.o
 .group         0x00000000        0x8 midi.o
 .group         0x00000000        0x8 midi.o
 .group         0x00000000        0x8 midi.o
 .group         0x00000000        0x8 midi.o
 .group         0x00000000        0x8 midi.o
 .group         0x00000000        0x8 midi.o
 .group         0x00000000        0x8 midi.o
 .group         0x00000000        0x8 midi.o
 .group         0x00000000        0x8 midi.o
 .text          0x00000000        0x0 midi.o
 .data          0x00000000        0x0 midi.o
 .bss           0x00000000        0x0 midi.o
 .text._ZN5hwlib6pin_in7refreshEv
                0x00000000        0x2 midi.o
 .text._ZN5hwlib7pin_out5flushEv
                0x00000000        0x2 midi.o
 .text._ZN3due6pin_in3getEN5hwlib9bufferingE
                0x00000000       0x10 midi.o
 .text._ZN3due7pin_out3setEbN5hwlib9bufferingE
                0x00000000        0xe midi.o
 .text._ZN5hwlib7ostream6fillerEi
                0x00000000       0x1a midi.o
 .text._ZN5hwliblsERNS_7ostreamEPKc
                0x00000000       0x54 midi.o
 .text._ZN3due8pin_infoENS_4pinsE
                0x00000000       0x20 midi.o
 .text._ZN3due11ad_pin_infoENS_7ad_pinsE
                0x00000000       0x1c midi.o
 .text._ZN3due11ad_seq_infoEm
                0x00000000       0x20 midi.o
 .text._ZN3due14port_registersEm
                0x00000000       0x48 midi.o
 .text._ZN3due6now_usEv
                0x00000000       0x78 midi.o
 .text._ZN5hwlib7wait_usEi
                0x00000000       0x28 midi.o
 .text._ZN5hwlib7wait_nsEi
                0x00000000       0x14 midi.o
 .text._ZN5hwlib7wait_msEi
                0x00000000       0x16 midi.o
 .text._ZN5hwlib9uart_putcEc
                0x00000000       0x40 midi.o
 .text._ZN5hwlib9uart_getcEv
                0x00000000       0x3c midi.o
 .text._ZN5hwlib6now_usEv
                0x00000000        0x8 midi.o
 .text._ZN4midi18midiSetChannelBankERN3due7pin_outEhh
                0x00000000       0x3a midi.o
 .text._ZN4midi17midiSetInstrumentERN3due7pin_outEhh
                0x00000000       0x30 midi.o
 .text._ZN4midi20midiSetChannelVolumeERN3due7pin_outEhh
                0x00000000       0x3a midi.o
 .text._ZN4midi10midinoteOnERN3due7pin_outEPiihhPA17_bPA17_h
                0x00000000       0x5a midi.o
 .text._ZN4midi11midinoteOffERN3due7pin_outEPiihhPA17_bPA17_h
                0x00000000       0x50 midi.o
 .rodata._ZTVN3due6pin_inE
                0x00000000       0x10 midi.o
 .rodata._ZTVN3due7pin_outE
                0x00000000       0x10 midi.o
 .bss._ZGVZN5hwlib9uart_getcEvE3pin
                0x00000000        0x4 midi.o
 .bss._ZGVZN5hwlib9uart_putcEcE3pin
                0x00000000        0x4 midi.o
 .bss._ZZN3due6now_usEvE4high
                0x00000000        0x8 midi.o
 .bss._ZZN3due6now_usEvE8last_low
                0x00000000        0x4 midi.o
 .bss._ZZN3due6now_usEvE9init_done
                0x00000000        0x1 midi.o
 .bss._ZZN5hwlib9uart_getcEvE3pin
                0x00000000        0xc midi.o
 .bss._ZZN5hwlib9uart_putcEcE3pin
                0x00000000        0xc midi.o
 .rodata._ZN3due8pin_infoENS_4pinsE.str1.1
                0x00000000       0x33 midi.o
 .rodata._ZZN3due11ad_pin_infoENS_7ad_pinsEE17ad_pin_info_array
                0x00000000        0xc midi.o
 .rodata._ZZN3due11ad_seq_infoEmE12ad_seq_array
                0x00000000       0x70 midi.o
 .rodata._ZZN3due8pin_infoENS_4pinsEE14pin_info_array
                0x00000000       0xa4 midi.o
 .group         0x00000000        0x8 monochrome8x8dotmatrix.o
 .text          0x00000000        0x0 monochrome8x8dotmatrix.o
 .data          0x00000000        0x0 monochrome8x8dotmatrix.o
 .bss           0x00000000        0x0 monochrome8x8dotmatrix.o
 .group         0x00000000        0x8 max7219.o
 .group         0x00000000        0x8 max7219.o
 .group         0x00000000        0x8 max7219.o
 .group         0x00000000        0x8 max7219.o
 .group         0x00000000        0x8 max7219.o
 .group         0x00000000        0x8 max7219.o
 .group         0x00000000        0x8 max7219.o
 .group         0x00000000        0x8 max7219.o
 .text          0x00000000        0x0 max7219.o
 .data          0x00000000        0x0 max7219.o
 .bss           0x00000000        0x0 max7219.o
 .text._ZN5hwlib6pin_in7refreshEv
                0x00000000        0x2 max7219.o
 .text._ZN5hwlib7pin_out5flushEv
                0x00000000        0x2 max7219.o
 .text._ZN3due6pin_in3getEN5hwlib9bufferingE
                0x00000000       0x10 max7219.o
 .text._ZN3due7pin_out3setEbN5hwlib9bufferingE
                0x00000000        0xe max7219.o
 .text._ZN5hwliblsERNS_7ostreamEPKc
                0x00000000       0x66 max7219.o
 .text._ZN3due8pin_infoENS_4pinsE
                0x00000000       0x20 max7219.o
 .text._ZN3due11ad_pin_infoENS_7ad_pinsE
                0x00000000       0x1c max7219.o
 .text._ZN3due11ad_seq_infoEm
                0x00000000       0x20 max7219.o
 .text._ZN3due14port_registersEm
                0x00000000       0x48 max7219.o
 .text._ZN3due6now_usEv
                0x00000000       0x78 max7219.o
 .text._ZN5hwlib7wait_usEi
                0x00000000       0x28 max7219.o
 .text._ZN5hwlib7wait_nsEi
                0x00000000       0x14 max7219.o
 .text._ZN5hwlib7wait_msEi
                0x00000000       0x16 max7219.o
 .text._ZN5hwlib9uart_putcEc
                0x00000000       0x40 max7219.o
 .text._ZN5hwlib9uart_getcEv
                0x00000000       0x3c max7219.o
 .text._ZN5hwlib6now_usEv
                0x00000000        0x8 max7219.o
 .text._ZN7max721917checkOutputmatrixEv
                0x00000000      0x10c max7219.o
 .rodata._ZTVN3due6pin_inE
                0x00000000       0x10 max7219.o
 .rodata._ZTVN3due7pin_outE
                0x00000000       0x10 max7219.o
 .bss._ZGVZN5hwlib9uart_getcEvE3pin
                0x00000000        0x4 max7219.o
 .bss._ZGVZN5hwlib9uart_putcEcE3pin
                0x00000000        0x4 max7219.o
 .bss._ZZN3due6now_usEvE4high
                0x00000000        0x8 max7219.o
 .bss._ZZN3due6now_usEvE8last_low
                0x00000000        0x4 max7219.o
 .bss._ZZN3due6now_usEvE9init_done
                0x00000000        0x1 max7219.o
 .bss._ZZN5hwlib9uart_getcEvE3pin
                0x00000000        0xc max7219.o
 .bss._ZZN5hwlib9uart_putcEcE3pin
                0x00000000        0xc max7219.o
 .rodata._ZN3due8pin_infoENS_4pinsE.str1.1
                0x00000000       0x33 max7219.o
 .rodata._ZZN3due11ad_pin_infoENS_7ad_pinsEE17ad_pin_info_array
                0x00000000        0xc max7219.o
 .rodata._ZZN3due11ad_seq_infoEmE12ad_seq_array
                0x00000000       0x70 max7219.o
 .rodata._ZZN3due8pin_infoENS_4pinsEE14pin_info_array
                0x00000000       0xa4 max7219.o
 .group         0x00000000        0x8 buzzer.o
 .group         0x00000000        0x8 buzzer.o
 .group         0x00000000        0x8 buzzer.o
 .group         0x00000000        0x8 buzzer.o
 .group         0x00000000        0x8 buzzer.o
 .group         0x00000000        0x8 buzzer.o
 .text          0x00000000        0x0 buzzer.o
 .data          0x00000000        0x0 buzzer.o
 .bss           0x00000000        0x0 buzzer.o
 .text._ZN5hwlib6pin_in7refreshEv
                0x00000000        0x2 buzzer.o
 .text._ZN5hwlib7pin_out5flushEv
                0x00000000        0x2 buzzer.o
 .text._ZN3due6pin_in3getEN5hwlib9bufferingE
                0x00000000       0x10 buzzer.o
 .text._ZN3due7pin_out3setEbN5hwlib9bufferingE
                0x00000000        0xe buzzer.o
 .text._ZN3due8pin_infoENS_4pinsE
                0x00000000       0x20 buzzer.o
 .text._ZN3due11ad_pin_infoENS_7ad_pinsE
                0x00000000       0x1c buzzer.o
 .text._ZN3due11ad_seq_infoEm
                0x00000000       0x20 buzzer.o
 .text._ZN3due14port_registersEm
                0x00000000       0x48 buzzer.o
 .text._ZN3due6now_usEv
                0x00000000       0x78 buzzer.o
 .text._ZN5hwlib7wait_usEi
                0x00000000       0x28 buzzer.o
 .text._ZN5hwlib7wait_nsEi
                0x00000000       0x14 buzzer.o
 .text._ZN5hwlib7wait_msEi
                0x00000000       0x16 buzzer.o
 .text._ZN5hwlib9uart_putcEc
                0x00000000       0x40 buzzer.o
 .text._ZN5hwlib9uart_getcEv
                0x00000000       0x3c buzzer.o
 .text._ZN5hwlib6now_usEv
                0x00000000        0x8 buzzer.o
 .rodata._ZTVN3due6pin_inE
                0x00000000       0x10 buzzer.o
 .rodata._ZTVN3due7pin_outE
                0x00000000       0x10 buzzer.o
 .bss._ZGVZN5hwlib9uart_getcEvE3pin
                0x00000000        0x4 buzzer.o
 .bss._ZGVZN5hwlib9uart_putcEcE3pin
                0x00000000        0x4 buzzer.o
 .bss._ZZN3due6now_usEvE4high
                0x00000000        0x8 buzzer.o
 .bss._ZZN3due6now_usEvE8last_low
                0x00000000        0x4 buzzer.o
 .bss._ZZN3due6now_usEvE9init_done
                0x00000000        0x1 buzzer.o
 .bss._ZZN5hwlib9uart_getcEvE3pin
                0x00000000        0xc buzzer.o
 .bss._ZZN5hwlib9uart_putcEcE3pin
                0x00000000        0xc buzzer.o
 .rodata._ZN3due8pin_infoENS_4pinsE.str1.1
                0x00000000       0x33 buzzer.o
 .rodata._ZZN3due11ad_pin_infoENS_7ad_pinsEE17ad_pin_info_array
                0x00000000        0xc buzzer.o
 .rodata._ZZN3due11ad_seq_infoEmE12ad_seq_array
                0x00000000       0x70 buzzer.o
 .rodata._ZZN3due8pin_infoENS_4pinsEE14pin_info_array
                0x00000000       0xa4 buzzer.o
 .group         0x00000000        0x8 hwlib.o
 .group         0x00000000        0x8 hwlib.o
 .group         0x00000000        0x8 hwlib.o
 .group         0x00000000        0x8 hwlib.o
 .group         0x00000000        0x8 hwlib.o
 .group         0x00000000        0x8 hwlib.o
 .group         0x00000000        0x8 hwlib.o
 .group         0x00000000        0x8 hwlib.o
 .group         0x00000000        0x8 hwlib.o
 .group         0x00000000        0x8 hwlib.o
 .group         0x00000000        0x8 hwlib.o
 .group         0x00000000        0x8 hwlib.o
 .group         0x00000000        0x8 hwlib.o
 .group         0x00000000        0x8 hwlib.o
 .group         0x00000000        0x8 hwlib.o
 .group         0x00000000        0x8 hwlib.o
 .group         0x00000000        0x8 hwlib.o
 .group         0x00000000        0x8 hwlib.o
 .group         0x00000000        0x8 hwlib.o
 .group         0x00000000        0x8 hwlib.o
 .group         0x00000000        0x8 hwlib.o
 .group         0x00000000        0x8 hwlib.o
 .group         0x00000000        0x8 hwlib.o
 .group         0x00000000        0x8 hwlib.o
 .group         0x00000000        0x8 hwlib.o
 .group         0x00000000        0x8 hwlib.o
 .group         0x00000000        0x8 hwlib.o
 .group         0x00000000        0x8 hwlib.o
 .group         0x00000000        0x8 hwlib.o
 .group         0x00000000        0x8 hwlib.o
 .group         0x00000000        0x8 hwlib.o
 .group         0x00000000        0x8 hwlib.o
 .group         0x00000000        0x8 hwlib.o
 .group         0x00000000        0x8 hwlib.o
 .group         0x00000000        0x8 hwlib.o
 .group         0x00000000        0x8 hwlib.o
 .group         0x00000000        0x8 hwlib.o
 .text          0x00000000        0x0 hwlib.o
 .data          0x00000000        0x0 hwlib.o
 .bss           0x00000000        0x0 hwlib.o
 .text._ZN5hwlib10pin_in_out7refreshEv
                0x00000000        0x2 hwlib.o
 .text._ZN5hwlib10pin_in_out5flushEv
                0x00000000        0x2 hwlib.o
 .text._ZN5hwlib6pin_in7refreshEv
                0x00000000        0x2 hwlib.o
 .text._ZN5hwlib7pin_out5flushEv
                0x00000000        0x2 hwlib.o
 .text._ZN5hwlib6pin_oc7refreshEv
                0x00000000        0x2 hwlib.o
 .text._ZN5hwlib6pin_oc5flushEv
                0x00000000        0x2 hwlib.o
 .text._ZN5hwlib23_pin_in_out_dummy_class3setEbNS_9bufferingE
                0x00000000        0x2 hwlib.o
 .text._ZN5hwlib23_pin_in_out_dummy_class3getENS_9bufferingE
                0x00000000        0x4 hwlib.o
 .text._ZN5hwlib23_pin_in_out_dummy_class19direction_set_inputEv
                0x00000000        0x2 hwlib.o
 .text._ZN5hwlib23_pin_in_out_dummy_class20direction_set_outputEv
                0x00000000        0x2 hwlib.o
 .text._ZN5hwlib20_pin_out_dummy_class3setEbNS_9bufferingE
                0x00000000        0x2 hwlib.o
 .text._ZN5hwlib19_pin_oc_dummy_class3setEbNS_9bufferingE
                0x00000000        0x2 hwlib.o
 .text._ZN5hwlib19_pin_oc_dummy_class3getENS_9bufferingE
                0x00000000        0x4 hwlib.o
 .text._ZNK5hwlib9image_8x818get_implementationENS_8locationE
                0x00000000       0x44 hwlib.o
 .text._ZN3due6pin_in3getEN5hwlib9bufferingE
                0x00000000       0x10 hwlib.o
 .text._ZN3due7pin_out3setEbN5hwlib9bufferingE
                0x00000000        0xe hwlib.o
 .text._ZN5hwlib7ostream6fillerEi
                0x00000000       0x1a hwlib.o
 .text._ZN5hwliblsERNS_7ostreamEPKc
                0x00000000       0x54 hwlib.o
 .text._ZN5hwliblsERNS_7ostreamEx
                0x00000000      0x10a hwlib.o
 .text._ZN5hwliblsERNS_7ostreamENS_8locationE
                0x00000000       0x3c hwlib.o
 .text._ZN5hwlib6window5writeENS_8locationENS_5colorENS_9bufferingE
                0x00000000       0x38 hwlib.o
 .text._ZN5hwlib4line4drawERNS_6windowENS_9bufferingE
                0x00000000       0x78 hwlib.o
 .text._ZN5hwlib6circle4drawERNS_6windowENS_9bufferingE
                0x00000000      0x320 hwlib.o
 .text._ZN5hwlib4randEv
                0x00000000       0x20 hwlib.o
 .text._ZN5hwlib15random_in_rangeEjj
                0x00000000       0x1a hwlib.o
 .text._ZN3due8pin_infoENS_4pinsE
                0x00000000       0x20 hwlib.o
 .text._ZN3due11ad_pin_infoENS_7ad_pinsE
                0x00000000       0x1c hwlib.o
 .text._ZN3due11ad_seq_infoEm
                0x00000000       0x20 hwlib.o
 .text._ZN3due14port_registersEm
                0x00000000       0x48 hwlib.o
 .text._ZN3due6now_usEv
                0x00000000       0x78 hwlib.o
 .text._ZN5hwlib7wait_usEi
                0x00000000       0x28 hwlib.o
 .text._ZN5hwlib7wait_nsEi
                0x00000000       0x14 hwlib.o
 .text._ZN5hwlib7wait_msEi
                0x00000000       0x16 hwlib.o
 .text._ZN5hwlib5blinkERNS_7pin_outEj
                0x00000000       0x2c hwlib.o
 .text._ZN5hwlib4kittERNS_11port_in_outEj
                0x00000000       0x58 hwlib.o
 .text._ZN5hwlib4kittERNS_8port_outEj
                0x00000000       0x52 hwlib.o
 .text._ZN5hwlib4kittERNS_7port_ocEj
                0x00000000       0x52 hwlib.o
 .text._ZN5hwlib21graphics_random_linesERNS_6windowEj
                0x00000000      0x100 hwlib.o
 .text._ZN5hwlib23graphics_random_circlesERNS_6windowEj
                0x00000000       0x90 hwlib.o
 .text._ZN5hwlib12dac_triangleERNS_3dacEj
                0x00000000       0x36 hwlib.o
 .text._ZN5hwlib9uart_putcEc
                0x00000000       0x3c hwlib.o
 .text._ZN5hwlib6now_usEv
                0x00000000        0x8 hwlib.o
 .text._ZN5hwlib40uart_getc_bit_banged_pin_custom_baudrateERNS_6pin_inEi
                0x00000000       0x7c hwlib.o
 .text._ZN5hwlib24uart_getc_bit_banged_pinERNS_6pin_inE
                0x00000000        0xc hwlib.o
 .text._ZN5hwlib9uart_getcEv
                0x00000000       0x38 hwlib.o
 .text._ZN5hwlib19cin_using_uart_getc4getcEv
                0x00000000        0x8 hwlib.o
 .rodata._ZTVN5hwlib23_pin_in_out_dummy_classE
                0x00000000       0x20 hwlib.o
 .rodata._ZTVN5hwlib20_pin_out_dummy_classE
                0x00000000       0x10 hwlib.o
 .rodata._ZTVN5hwlib19_pin_oc_dummy_classE
                0x00000000       0x18 hwlib.o
 .rodata._ZTVN5hwlib19cin_using_uart_getcE
                0x00000000        0xc hwlib.o
 .rodata._ZTVN5hwlib9image_8x8E
                0x00000000        0xc hwlib.o
 .rodata._ZTVN5hwlib4lineE
                0x00000000        0xc hwlib.o
 .rodata._ZTVN5hwlib6circleE
                0x00000000        0xc hwlib.o
 .rodata._ZTVN3due6pin_inE
                0x00000000       0x10 hwlib.o
 .rodata._ZTVN3due7pin_outE
                0x00000000       0x10 hwlib.o
 .bss._ZGVZN5hwlib9uart_getcEvE3pin
                0x00000000        0x4 hwlib.o
 .bss._ZGVZN5hwlib9uart_putcEcE3pin
                0x00000000        0x4 hwlib.o
 .bss._ZZN3due6now_usEvE4high
                0x00000000        0x8 hwlib.o
 .bss._ZZN3due6now_usEvE8last_low
                0x00000000        0x4 hwlib.o
 .bss._ZZN3due6now_usEvE9init_done
                0x00000000        0x1 hwlib.o
 .bss._ZZN5hwlib4randEvE1n
                0x00000000        0x4 hwlib.o
 .bss._ZZN5hwlib9uart_getcEvE3pin
                0x00000000        0xc hwlib.o
 .bss._ZZN5hwlib9uart_putcEcE3pin
                0x00000000        0xc hwlib.o
 .data._ZN5hwlib12pin_oc_dummyE
                0x00000000        0x4 hwlib.o
 .data._ZN5hwlib13pin_out_dummyE
                0x00000000        0x4 hwlib.o
 .data._ZN5hwlib15font_16x16_dataE
                0x00000000      0xbe4 hwlib.o
 .data._ZN5hwlib16pin_in_out_dummyE
                0x00000000        0x4 hwlib.o
 .data._ZN5hwlib3cinE
                0x00000000        0x4 hwlib.o
 .rodata._ZN3due8pin_infoENS_4pinsE.str1.1
                0x00000000       0x33 hwlib.o
 .rodata._ZN5hwlib16font_default_8x86imagesE
                0x00000000      0xa00 hwlib.o
 .rodata._ZN5hwlibL5blackE
                0x00000000        0x4 hwlib.o
 .rodata._ZN5hwlibL5whiteE
                0x00000000        0x4 hwlib.o
 .rodata._ZN5hwliblsERNS_7ostreamENS_8locationE.str1.1
                0x00000000        0x6 hwlib.o
 .rodata._ZZN3due11ad_pin_infoENS_7ad_pinsEE17ad_pin_info_array
                0x00000000        0xc hwlib.o
 .rodata._ZZN3due11ad_seq_infoEmE12ad_seq_array
                0x00000000       0x70 hwlib.o
 .rodata._ZZN3due8pin_infoENS_4pinsEE14pin_info_array
                0x00000000       0xa4 hwlib.o
 .group         0x00000000        0x8 main.o
 .group         0x00000000        0x8 main.o
 .group         0x00000000        0x8 main.o
 .group         0x00000000        0x8 main.o
 .group         0x00000000        0x8 main.o
 .group         0x00000000        0x8 main.o
 .group         0x00000000        0x8 main.o
 .group         0x00000000        0x8 main.o
 .group         0x00000000        0x8 main.o
 .group         0x00000000        0x8 main.o
 .group         0x00000000        0x8 main.o
 .group         0x00000000        0x8 main.o
 .text          0x00000000        0x0 main.o
 .data          0x00000000        0x0 main.o
 .bss           0x00000000        0x0 main.o
 .text._ZN5hwlib6pin_in7refreshEv
                0x00000000        0x2 main.o
 .text._ZN5hwlib7pin_out5flushEv
                0x00000000        0x2 main.o
 .text._ZN5hwlib7port_in7refreshEv
                0x00000000        0x2 main.o
 .text._ZN5hwlib17port_in_from_pins14number_of_pinsEv
                0x00000000        0x4 main.o
 .text._ZN5hwlib17port_in_from_pins3getENS_9bufferingE
                0x00000000       0x1c main.o
 .text._ZN3due6pin_in3getEN5hwlib9bufferingE
                0x00000000       0x10 main.o
 .text._ZN3due7pin_out3setEbN5hwlib9bufferingE
                0x00000000        0xe main.o
 .text._ZN3due8pin_infoENS_4pinsE
                0x00000000       0x20 main.o
 .text._ZN3due11ad_pin_infoENS_7ad_pinsE
                0x00000000       0x1c main.o
 .text._ZN3due11ad_seq_infoEm
                0x00000000       0x20 main.o
 .text._ZN3due14port_registersEm
                0x00000000       0x48 main.o
 .text._ZN3due6now_usEv
                0x00000000       0x78 main.o
 .text._ZN5hwlib7wait_usEi
                0x00000000       0x28 main.o
 .text._ZN5hwlib7wait_nsEi
                0x00000000       0x14 main.o
 .text._ZN5hwlib7wait_msEi
                0x00000000       0x16 main.o
 .text._ZN5hwlib9uart_putcEc
                0x00000000       0x40 main.o
 .text._ZN5hwlib9uart_getcEv
                0x00000000       0x3c main.o
 .text._ZN5hwlib6now_usEv
                0x00000000        0x8 main.o
 .rodata._ZTVN5hwlib17port_in_from_pinsE
                0x00000000       0x14 main.o
 .rodata._ZTVN3due6pin_inE
                0x00000000       0x10 main.o
 .rodata._ZTVN3due7pin_outE
                0x00000000       0x10 main.o
 .bss._ZGVZN5hwlib9uart_getcEvE3pin
                0x00000000        0x4 main.o
 .bss._ZGVZN5hwlib9uart_putcEcE3pin
                0x00000000        0x4 main.o
 .bss._ZZN3due6now_usEvE4high
                0x00000000        0x8 main.o
 .bss._ZZN3due6now_usEvE8last_low
                0x00000000        0x4 main.o
 .bss._ZZN3due6now_usEvE9init_done
                0x00000000        0x1 main.o
 .bss._ZZN5hwlib9uart_getcEvE3pin
                0x00000000        0xc main.o
 .bss._ZZN5hwlib9uart_putcEcE3pin
                0x00000000        0xc main.o
 .rodata._ZN3due8pin_infoENS_4pinsE.str1.1
                0x00000000       0x33 main.o
 .rodata._ZZN3due11ad_pin_infoENS_7ad_pinsEE17ad_pin_info_array
                0x00000000        0xc main.o
 .rodata._ZZN3due11ad_seq_infoEmE12ad_seq_array
                0x00000000       0x70 main.o
 .rodata._ZZN3due8pin_infoENS_4pinsEE14pin_info_array
                0x00000000       0xa4 main.o
 .text          0x00000000        0x0 bmptk_cortex.o
 .data          0x00000000        0x0 bmptk_cortex.o
 .bss           0x00000000        0x0 bmptk_cortex.o
 .text.__aeabi_idiv0
                0x00000000        0x4 bmptk_cortex.o
 COMMON         0x00000000        0x4 bmptk_cortex.o
 .text          0x00000000        0x0 bmptk_heap_none.o
 .data          0x00000000        0x0 bmptk_heap_none.o
 .bss           0x00000000        0x0 bmptk_heap_none.o
 .text.malloc   0x00000000        0xa bmptk_heap_none.o
 .text.free     0x00000000        0x4 bmptk_heap_none.o
 .text          0x00000000        0x0 bmptk_fixed_size_stack.o
 .data          0x00000000        0x0 bmptk_fixed_size_stack.o
 .bss           0x00000000        0x0 bmptk_fixed_size_stack.o
 .data          0x00000000        0x0 c:/sysgcc/arm-eabi/bin/../lib/gcc/arm-eabi/6.2.0/../../../../arm-eabi/lib/thumb/cortex_m3\libm.a(lib_a-w_pow.o)
 .bss           0x00000000        0x0 c:/sysgcc/arm-eabi/bin/../lib/gcc/arm-eabi/6.2.0/../../../../arm-eabi/lib/thumb/cortex_m3\libm.a(lib_a-w_pow.o)
 .data          0x00000000        0x0 c:/sysgcc/arm-eabi/bin/../lib/gcc/arm-eabi/6.2.0/../../../../arm-eabi/lib/thumb/cortex_m3\libm.a(lib_a-e_pow.o)
 .bss           0x00000000        0x0 c:/sysgcc/arm-eabi/bin/../lib/gcc/arm-eabi/6.2.0/../../../../arm-eabi/lib/thumb/cortex_m3\libm.a(lib_a-e_pow.o)
 .data          0x00000000        0x0 c:/sysgcc/arm-eabi/bin/../lib/gcc/arm-eabi/6.2.0/../../../../arm-eabi/lib/thumb/cortex_m3\libm.a(lib_a-e_sqrt.o)
 .bss           0x00000000        0x0 c:/sysgcc/arm-eabi/bin/../lib/gcc/arm-eabi/6.2.0/../../../../arm-eabi/lib/thumb/cortex_m3\libm.a(lib_a-e_sqrt.o)
 .data          0x00000000        0x0 c:/sysgcc/arm-eabi/bin/../lib/gcc/arm-eabi/6.2.0/../../../../arm-eabi/lib/thumb/cortex_m3\libm.a(lib_a-s_fabs.o)
 .bss           0x00000000        0x0 c:/sysgcc/arm-eabi/bin/../lib/gcc/arm-eabi/6.2.0/../../../../arm-eabi/lib/thumb/cortex_m3\libm.a(lib_a-s_fabs.o)
 .data          0x00000000        0x0 c:/sysgcc/arm-eabi/bin/../lib/gcc/arm-eabi/6.2.0/../../../../arm-eabi/lib/thumb/cortex_m3\libm.a(lib_a-s_finite.o)
 .bss           0x00000000        0x0 c:/sysgcc/arm-eabi/bin/../lib/gcc/arm-eabi/6.2.0/../../../../arm-eabi/lib/thumb/cortex_m3\libm.a(lib_a-s_finite.o)
 .text          0x00000000        0x0 c:/sysgcc/arm-eabi/bin/../lib/gcc/arm-eabi/6.2.0/../../../../arm-eabi/lib/thumb/cortex_m3\libm.a(lib_a-s_lib_ver.o)
 .bss           0x00000000        0x0 c:/sysgcc/arm-eabi/bin/../lib/gcc/arm-eabi/6.2.0/../../../../arm-eabi/lib/thumb/cortex_m3\libm.a(lib_a-s_lib_ver.o)
 .data          0x00000000        0x0 c:/sysgcc/arm-eabi/bin/../lib/gcc/arm-eabi/6.2.0/../../../../arm-eabi/lib/thumb/cortex_m3\libm.a(lib_a-s_matherr.o)
 .bss           0x00000000        0x0 c:/sysgcc/arm-eabi/bin/../lib/gcc/arm-eabi/6.2.0/../../../../arm-eabi/lib/thumb/cortex_m3\libm.a(lib_a-s_matherr.o)
 .data          0x00000000        0x0 c:/sysgcc/arm-eabi/bin/../lib/gcc/arm-eabi/6.2.0/../../../../arm-eabi/lib/thumb/cortex_m3\libm.a(lib_a-s_nan.o)
 .bss           0x00000000        0x0 c:/sysgcc/arm-eabi/bin/../lib/gcc/arm-eabi/6.2.0/../../../../arm-eabi/lib/thumb/cortex_m3\libm.a(lib_a-s_nan.o)
 .data          0x00000000        0x0 c:/sysgcc/arm-eabi/bin/../lib/gcc/arm-eabi/6.2.0/../../../../arm-eabi/lib/thumb/cortex_m3\libm.a(lib_a-s_rint.o)
 .bss           0x00000000        0x0 c:/sysgcc/arm-eabi/bin/../lib/gcc/arm-eabi/6.2.0/../../../../arm-eabi/lib/thumb/cortex_m3\libm.a(lib_a-s_rint.o)
 .data          0x00000000        0x0 c:/sysgcc/arm-eabi/bin/../lib/gcc/arm-eabi/6.2.0/../../../../arm-eabi/lib/thumb/cortex_m3\libm.a(lib_a-s_scalbn.o)
 .bss           0x00000000        0x0 c:/sysgcc/arm-eabi/bin/../lib/gcc/arm-eabi/6.2.0/../../../../arm-eabi/lib/thumb/cortex_m3\libm.a(lib_a-s_scalbn.o)
 .data          0x00000000        0x0 c:/sysgcc/arm-eabi/bin/../lib/gcc/arm-eabi/6.2.0/../../../../arm-eabi/lib/thumb/cortex_m3\libm.a(lib_a-s_copysign.o)
 .bss           0x00000000        0x0 c:/sysgcc/arm-eabi/bin/../lib/gcc/arm-eabi/6.2.0/../../../../arm-eabi/lib/thumb/cortex_m3\libm.a(lib_a-s_copysign.o)
 .data          0x00000000        0x0 c:/sysgcc/arm-eabi/bin/../lib/gcc/arm-eabi/6.2.0/thumb/cortex_m3\libgcc.a(_arm_addsubdf3.o)
 .bss           0x00000000        0x0 c:/sysgcc/arm-eabi/bin/../lib/gcc/arm-eabi/6.2.0/thumb/cortex_m3\libgcc.a(_arm_addsubdf3.o)
 .data          0x00000000        0x0 c:/sysgcc/arm-eabi/bin/../lib/gcc/arm-eabi/6.2.0/thumb/cortex_m3\libgcc.a(_arm_muldivdf3.o)
 .bss           0x00000000        0x0 c:/sysgcc/arm-eabi/bin/../lib/gcc/arm-eabi/6.2.0/thumb/cortex_m3\libgcc.a(_arm_muldivdf3.o)
 .data          0x00000000        0x0 c:/sysgcc/arm-eabi/bin/../lib/gcc/arm-eabi/6.2.0/thumb/cortex_m3\libgcc.a(_arm_cmpdf2.o)
 .bss           0x00000000        0x0 c:/sysgcc/arm-eabi/bin/../lib/gcc/arm-eabi/6.2.0/thumb/cortex_m3\libgcc.a(_arm_cmpdf2.o)
 .data          0x00000000        0x0 c:/sysgcc/arm-eabi/bin/../lib/gcc/arm-eabi/6.2.0/thumb/cortex_m3\libgcc.a(_arm_unorddf2.o)
 .bss           0x00000000        0x0 c:/sysgcc/arm-eabi/bin/../lib/gcc/arm-eabi/6.2.0/thumb/cortex_m3\libgcc.a(_arm_unorddf2.o)
 .data          0x00000000        0x0 c:/sysgcc/arm-eabi/bin/../lib/gcc/arm-eabi/6.2.0/thumb/cortex_m3\libgcc.a(_arm_fixdfsi.o)
 .bss           0x00000000        0x0 c:/sysgcc/arm-eabi/bin/../lib/gcc/arm-eabi/6.2.0/thumb/cortex_m3\libgcc.a(_arm_fixdfsi.o)
 .data          0x00000000        0x0 c:/sysgcc/arm-eabi/bin/../lib/gcc/arm-eabi/6.2.0/thumb/cortex_m3\libgcc.a(_aeabi_ldivmod.o)
 .bss           0x00000000        0x0 c:/sysgcc/arm-eabi/bin/../lib/gcc/arm-eabi/6.2.0/thumb/cortex_m3\libgcc.a(_aeabi_ldivmod.o)
 .text          0x00000000       0x30 c:/sysgcc/arm-eabi/bin/../lib/gcc/arm-eabi/6.2.0/thumb/cortex_m3\libgcc.a(_aeabi_uldivmod.o)
 .data          0x00000000        0x0 c:/sysgcc/arm-eabi/bin/../lib/gcc/arm-eabi/6.2.0/thumb/cortex_m3\libgcc.a(_aeabi_uldivmod.o)
 .bss           0x00000000        0x0 c:/sysgcc/arm-eabi/bin/../lib/gcc/arm-eabi/6.2.0/thumb/cortex_m3\libgcc.a(_aeabi_uldivmod.o)
 .data          0x00000000        0x0 c:/sysgcc/arm-eabi/bin/../lib/gcc/arm-eabi/6.2.0/thumb/cortex_m3\libgcc.a(_udivmoddi4.o)
 .bss           0x00000000        0x0 c:/sysgcc/arm-eabi/bin/../lib/gcc/arm-eabi/6.2.0/thumb/cortex_m3\libgcc.a(_udivmoddi4.o)
 .ARM.extab     0x00000000        0x0 c:/sysgcc/arm-eabi/bin/../lib/gcc/arm-eabi/6.2.0/thumb/cortex_m3\libgcc.a(_udivmoddi4.o)
 .data          0x00000000        0x0 c:/sysgcc/arm-eabi/bin/../lib/gcc/arm-eabi/6.2.0/thumb/cortex_m3\libgcc.a(_dvmd_tls.o)
 .bss           0x00000000        0x0 c:/sysgcc/arm-eabi/bin/../lib/gcc/arm-eabi/6.2.0/thumb/cortex_m3\libgcc.a(_dvmd_tls.o)
 .data          0x00000000        0x0 c:/sysgcc/arm-eabi/bin/../lib/gcc/arm-eabi/6.2.0/../../../../arm-eabi/lib/thumb/cortex_m3\libc.a(lib_a-errno.o)
 .bss           0x00000000        0x0 c:/sysgcc/arm-eabi/bin/../lib/gcc/arm-eabi/6.2.0/../../../../arm-eabi/lib/thumb/cortex_m3\libc.a(lib_a-errno.o)
 .text          0x00000000        0x0 c:/sysgcc/arm-eabi/bin/../lib/gcc/arm-eabi/6.2.0/../../../../arm-eabi/lib/thumb/cortex_m3\libc.a(lib_a-impure.o)
 .bss           0x00000000        0x0 c:/sysgcc/arm-eabi/bin/../lib/gcc/arm-eabi/6.2.0/../../../../arm-eabi/lib/thumb/cortex_m3\libc.a(lib_a-impure.o)
 .rodata        0x00000000        0x4 c:/sysgcc/arm-eabi/bin/../lib/gcc/arm-eabi/6.2.0/../../../../arm-eabi/lib/thumb/cortex_m3\libc.a(lib_a-impure.o)
 .data          0x00000000        0x0 c:/sysgcc/arm-eabi/bin/../lib/gcc/arm-eabi/6.2.0/../../../../arm-eabi/lib/thumb/cortex_m3\libc.a(lib_a-memset.o)
 .bss           0x00000000        0x0 c:/sysgcc/arm-eabi/bin/../lib/gcc/arm-eabi/6.2.0/../../../../arm-eabi/lib/thumb/cortex_m3\libc.a(lib_a-memset.o)

Memory Configuration

Name             Origin             Length             Attributes
rom              0x00000000         0x00080000         xr
ram              0x20000000         0x00018000         xrw
nul              0x20000000         0x00000000         xrw
*default*        0x00000000         0xffffffff

Linker script and memory map

LOAD c:/sysgcc/arm-eabi/bin/../lib/gcc/arm-eabi/6.2.0/thumb/cortex_m3\libgcc.a
LOAD keymatrix.o
LOAD midi.o
LOAD monochrome8x8dotmatrix.o
LOAD max7219.o
LOAD buzzer.o
LOAD hwlib.o
LOAD main.o
LOAD bmptk_cortex.o
LOAD bmptk_heap_none.o
LOAD bmptk_fixed_size_stack.o
LOAD c:/sysgcc/arm-eabi/bin/../lib/gcc/arm-eabi/6.2.0/../../../../arm-eabi/lib/thumb/cortex_m3\libstdc++.a
LOAD c:/sysgcc/arm-eabi/bin/../lib/gcc/arm-eabi/6.2.0/../../../../arm-eabi/lib/thumb/cortex_m3\libm.a
START GROUP
LOAD c:/sysgcc/arm-eabi/bin/../lib/gcc/arm-eabi/6.2.0/thumb/cortex_m3\libgcc.a
LOAD c:/sysgcc/arm-eabi/bin/../lib/gcc/arm-eabi/6.2.0/../../../../arm-eabi/lib/thumb/cortex_m3\libc.a
END GROUP
                0x00000000                __rom_start = ORIGIN (rom)
                0x00080000                __rom_size = LENGTH (rom)
                0x00080000                __rom_end = (__rom_start + __rom_size)
                0x20000000                __ram_start = ORIGIN (ram)
                0x00018000                __ram_size = LENGTH (ram)
                0x20018000                __ram_end = (__ram_start + __ram_size)
                [!provide]                PROVIDE (__rom_start, __rom_start)
                [!provide]                PROVIDE (__rom_size, __rom_size)
                [!provide]                PROVIDE (__rom_end, __rom_end)
                [!provide]                PROVIDE (__ram_start, __ram_start)
                [!provide]                PROVIDE (__ram_size, __ram_size)
                [!provide]                PROVIDE (__ram_end, __ram_end)

.text           0x00000000     0x5298
                0x00000000                . = ALIGN (0x4)
                0x00000000                __text_start = .
                [!provide]                PROVIDE (__text_start, __text_start)
                0x00000000                . = ALIGN (0x4)
 *(.vectors)
 .vectors       0x00000000       0x20 bmptk_cortex.o
                0x00000000                __vectors
                0x00000020                . = ALIGN (0x4)
 *(.text .text.* .gnu.linkonce.t.*)
 .text._ZN5hwlib6pin_in7refreshEv
                0x00000020        0x2 keymatrix.o
                0x00000020                _ZN5hwlib6pin_in7refreshEv
 .text._ZN5hwlib7pin_out5flushEv
                0x00000022        0x2 keymatrix.o
                0x00000022                _ZN5hwlib7pin_out5flushEv
 .text._ZN5hwlib7port_in7refreshEv
                0x00000024        0x2 keymatrix.o
                0x00000024                _ZN5hwlib7port_in7refreshEv
 .text._ZN5hwlib17port_in_from_pins14number_of_pinsEv
                0x00000026        0x4 keymatrix.o
                0x00000026                _ZN5hwlib17port_in_from_pins14number_of_pinsEv
 .text._ZN5hwlib17port_in_from_pins3getENS_9bufferingE
                0x0000002a       0x1c keymatrix.o
                0x0000002a                _ZN5hwlib17port_in_from_pins3getENS_9bufferingE
 .text._ZN3due6pin_in3getEN5hwlib9bufferingE
                0x00000046       0x10 keymatrix.o
                0x00000046                _ZN3due6pin_in3getEN5hwlib9bufferingE
 .text._ZN3due7pin_out3setEbN5hwlib9bufferingE
                0x00000056        0xe keymatrix.o
                0x00000056                _ZN3due7pin_out3setEbN5hwlib9bufferingE
 .text._ZN5hwlib7ostream6fillerEi
                0x00000064       0x1a keymatrix.o
                0x00000064                _ZN5hwlib7ostream6fillerEi
 .text._ZN5hwliblsERNS_7ostreamEPKc
                0x0000007e       0x54 keymatrix.o
                0x0000007e                _ZN5hwliblsERNS_7ostreamEPKc
 *fill*         0x000000d2        0x2 
 .text._ZN3due8pin_infoENS_4pinsE
                0x000000d4       0x20 keymatrix.o
                0x000000d4                _ZN3due8pin_infoENS_4pinsE
 .text._ZN3due14port_registersEm
                0x000000f4       0x48 keymatrix.o
                0x000000f4                _ZN3due14port_registersEm
 *fill*         0x0000013c        0x4 
 .text._ZN5hwlib7wait_usEi
                0x00000140       0x28 keymatrix.o
                0x00000140                _ZN5hwlib7wait_usEi
 .text._ZN5hwlib7wait_nsEi
                0x00000168       0x14 keymatrix.o
                0x00000168                _ZN5hwlib7wait_nsEi
 .text._ZN5hwlib7wait_msEi
                0x0000017c       0x16 keymatrix.o
                0x0000017c                _ZN5hwlib7wait_msEi
 *fill*         0x00000192        0x2 
 .text._ZN5hwlib9uart_putcEc
                0x00000194       0x40 keymatrix.o
                0x00000194                _ZN5hwlib9uart_putcEc
 .text._ZN9keymatrixC2ERN5hwlib17port_in_from_pinsERKiS4_
                0x000001d4       0x58 keymatrix.o
                0x000001d4                _ZN9keymatrixC1ERN5hwlib17port_in_from_pinsERKiS4_
                0x000001d4                _ZN9keymatrixC2ERN5hwlib17port_in_from_pinsERKiS4_
 .text._ZN9keymatrix3setEiPA17_bPA17_h
                0x0000022c      0x158 keymatrix.o
                0x0000022c                _ZN9keymatrix3setEiPA17_bPA17_h
 .text._ZN9keymatrix8shiftOutERN3due7pin_outES2_h
                0x00000384       0x42 keymatrix.o
                0x00000384                _ZN9keymatrix8shiftOutERN3due7pin_outES2_h
 .text._ZN9keymatrix10scanColumnEiRN3due7pin_outES2_S2_
                0x000003c6       0x3e keymatrix.o
                0x000003c6                _ZN9keymatrix10scanColumnEiRN3due7pin_outES2_S2_
 .text._ZN5hwlib7ostream7reverse10add_prefixERKS0_.part.1
                0x00000404       0x4c midi.o
 .text._ZN5hwliblsERNS_7ostreamEi
                0x00000450       0x94 midi.o
                0x00000450                _ZN5hwliblsERNS_7ostreamEi
 .text._ZN4midiC2ERN5hwlib17port_in_from_pinsERKiS4_
                0x000004e4        0xc midi.o
                0x000004e4                _ZN4midiC2ERN5hwlib17port_in_from_pinsERKiS4_
                0x000004e4                _ZN4midiC1ERN5hwlib17port_in_from_pinsERKiS4_
 .text._ZN4midi6noteOnERN3due7pin_outEhiihPA17_h
                0x000004f0       0xa8 midi.o
                0x000004f0                _ZN4midi6noteOnERN3due7pin_outEhiihPA17_h
 .text._ZN4midi7noteOffERN3due7pin_outEhiihPA17_h
                0x00000598      0x138 midi.o
                0x00000598                _ZN4midi7noteOffERN3due7pin_outEhiihPA17_h
 .text._ZN22monochrome8x8dotmatrixC2ERKiS1_
                0x000006d0       0x14 monochrome8x8dotmatrix.o
                0x000006d0                _ZN22monochrome8x8dotmatrixC1ERKiS1_
                0x000006d0                _ZN22monochrome8x8dotmatrixC2ERKiS1_
 .text._ZN5hwlib7ostreamlsEc
                0x000006e4        0xe max7219.o
                0x000006e4                _ZN5hwlib7ostreamlsEc
 *fill*         0x000006f2        0x2 
 .text._ZN7max7219C2EN3due7pin_outES1_S1_RKiS3_
                0x000006f4       0x58 max7219.o
                0x000006f4                _ZN7max7219C1EN3due7pin_outES1_S1_RKiS3_
                0x000006f4                _ZN7max7219C2EN3due7pin_outES1_S1_RKiS3_
 .text._ZN7max72198setPixelEiib
                0x0000074c       0x1c max7219.o
                0x0000074c                _ZN7max72198setPixelEiib
 .text._ZN7max72198pulseClkEN3due7pin_outEi
                0x00000768       0x18 max7219.o
                0x00000768                _ZN7max72198pulseClkEN3due7pin_outEi
 .text._ZN7max721915shiftDataRepeatEth
                0x00000780       0xa8 max7219.o
                0x00000780                _ZN7max721915shiftDataRepeatEth
 .text._ZN7max721914sendDataRepeatEth
                0x00000828       0x16 max7219.o
                0x00000828                _ZN7max721914sendDataRepeatEth
 .text._ZN7max72195SetupEv
                0x0000083e       0x4a max7219.o
                0x0000083e                _ZN7max72195SetupEv
 .text._ZN7max721912set8x8matrixEPA9_Kii
                0x00000888       0x3c max7219.o
                0x00000888                _ZN7max721912set8x8matrixEPA9_Kii
 .text._ZN7max72194drawEv
                0x000008c4       0x9c max7219.o
                0x000008c4                _ZN7max72194drawEv
 .text._ZN7max72199drawPixelEiib
                0x00000960        0xe max7219.o
                0x00000960                _ZN7max72199drawPixelEiib
 .text._ZN7max721912clearDisplayEv
                0x0000096e       0x2a max7219.o
                0x0000096e                _ZN7max721912clearDisplayEv
 .text._ZN6buzzerC2EN3due7pin_outE
                0x00000998       0x1c buzzer.o
                0x00000998                _ZN6buzzerC1EN3due7pin_outE
                0x00000998                _ZN6buzzerC2EN3due7pin_outE
 .text._ZN6buzzer4toneEi
                0x000009b4       0x2a buzzer.o
                0x000009b4                _ZN6buzzer4toneEi
 .text._ZN5hwlib19_pin_in_dummy_class3getENS_9bufferingE
                0x000009de        0x4 hwlib.o
                0x000009de                _ZN5hwlib19_pin_in_dummy_class3getENS_9bufferingE
 .text._ZN5hwlib7ostream5flushEv
                0x000009e2        0x2 hwlib.o
                0x000009e2                _ZN5hwlib7ostream5flushEv
 .text._ZN5hwlib5panicEPKcj
                0x000009e4        0x2 hwlib.o
                0x000009e4                _ZN5hwlib5panicEPKcj
 *fill*         0x000009e6        0x2 
 .text._ZN5hwlib40uart_putc_bit_banged_pin_custom_baudrateEcRNS_7pin_outEi
                0x000009e8       0x68 hwlib.o
                0x000009e8                _ZN5hwlib40uart_putc_bit_banged_pin_custom_baudrateEcRNS_7pin_outEi
 .text._ZN5hwlib24uart_putc_bit_banged_pinEcRNS_7pin_outE
                0x00000a50        0xc hwlib.o
                0x00000a50                _ZN5hwlib24uart_putc_bit_banged_pinEcRNS_7pin_outE
 .text._ZN5hwlib20cout_using_uart_putc4putcEc
                0x00000a5c        0xa hwlib.o
                0x00000a5c                _ZN5hwlib20cout_using_uart_putc4putcEc
 *fill*         0x00000a66        0x2 
 .text._ZN3due6pin_inC2ENS_4pinsE
                0x00000a68       0x34 main.o
                0x00000a68                _ZN3due6pin_inC2ENS_4pinsE
                0x00000a68                _ZN3due6pin_inC1ENS_4pinsE
 .text._ZN3due7pin_outC2ENS_4pinsE
                0x00000a9c       0x34 main.o
                0x00000a9c                _ZN3due7pin_outC2ENS_4pinsE
                0x00000a9c                _ZN3due7pin_outC1ENS_4pinsE
 .text.startup.main
                0x00000ad0      0x454 main.o
                0x00000ad0                main
 .text.__startup
                0x00000f24       0x48 bmptk_cortex.o
                0x00000f24                __startup
 .text.__cxa_pure_virtual
                0x00000f6c        0x2 bmptk_cortex.o
                0x00000f6c                __cxa_pure_virtual
 *fill*         0x00000f6e        0x2 
 .text          0x00000f70      0x340 c:/sysgcc/arm-eabi/bin/../lib/gcc/arm-eabi/6.2.0/../../../../arm-eabi/lib/thumb/cortex_m3\libm.a(lib_a-w_pow.o)
                0x00000f70                pow
 .text          0x000012b0      0xaac c:/sysgcc/arm-eabi/bin/../lib/gcc/arm-eabi/6.2.0/../../../../arm-eabi/lib/thumb/cortex_m3\libm.a(lib_a-e_pow.o)
                0x000012b0                __ieee754_pow
 .text          0x00001d5c      0x178 c:/sysgcc/arm-eabi/bin/../lib/gcc/arm-eabi/6.2.0/../../../../arm-eabi/lib/thumb/cortex_m3\libm.a(lib_a-e_sqrt.o)
                0x00001d5c                __ieee754_sqrt
 .text          0x00001ed4        0x8 c:/sysgcc/arm-eabi/bin/../lib/gcc/arm-eabi/6.2.0/../../../../arm-eabi/lib/thumb/cortex_m3\libm.a(lib_a-s_fabs.o)
                0x00001ed4                fabs
 .text          0x00001edc        0xc c:/sysgcc/arm-eabi/bin/../lib/gcc/arm-eabi/6.2.0/../../../../arm-eabi/lib/thumb/cortex_m3\libm.a(lib_a-s_finite.o)
                0x00001edc                finite
 .text          0x00001ee8        0x4 c:/sysgcc/arm-eabi/bin/../lib/gcc/arm-eabi/6.2.0/../../../../arm-eabi/lib/thumb/cortex_m3\libm.a(lib_a-s_matherr.o)
                0x00001ee8                matherr
 .text          0x00001eec        0xc c:/sysgcc/arm-eabi/bin/../lib/gcc/arm-eabi/6.2.0/../../../../arm-eabi/lib/thumb/cortex_m3\libm.a(lib_a-s_nan.o)
                0x00001eec                nan
 .text          0x00001ef8      0x11c c:/sysgcc/arm-eabi/bin/../lib/gcc/arm-eabi/6.2.0/../../../../arm-eabi/lib/thumb/cortex_m3\libm.a(lib_a-s_rint.o)
                0x00001ef8                rint
 *fill*         0x00002014        0x4 
 .text          0x00002018       0xe4 c:/sysgcc/arm-eabi/bin/../lib/gcc/arm-eabi/6.2.0/../../../../arm-eabi/lib/thumb/cortex_m3\libm.a(lib_a-s_scalbn.o)
                0x00002018                scalbn
 .text          0x000020fc       0x10 c:/sysgcc/arm-eabi/bin/../lib/gcc/arm-eabi/6.2.0/../../../../arm-eabi/lib/thumb/cortex_m3\libm.a(lib_a-s_copysign.o)
                0x000020fc                copysign
 .text          0x0000210c      0x370 c:/sysgcc/arm-eabi/bin/../lib/gcc/arm-eabi/6.2.0/thumb/cortex_m3\libgcc.a(_arm_addsubdf3.o)
                0x0000210c                __aeabi_drsub
                0x00002114                __aeabi_dsub
                0x00002114                __subdf3
                0x00002118                __aeabi_dadd
                0x00002118                __adddf3
                0x00002390                __floatunsidf
                0x00002390                __aeabi_ui2d
                0x000023b0                __floatsidf
                0x000023b0                __aeabi_i2d
                0x000023d4                __aeabi_f2d
                0x000023d4                __extendsfdf2
                0x00002410                __floatundidf
                0x00002410                __aeabi_ul2d
                0x00002420                __floatdidf
                0x00002420                __aeabi_l2d
 .text          0x0000247c      0x424 c:/sysgcc/arm-eabi/bin/../lib/gcc/arm-eabi/6.2.0/thumb/cortex_m3\libgcc.a(_arm_muldivdf3.o)
                0x0000247c                __aeabi_dmul
                0x0000247c                __muldf3
                0x000026d0                __divdf3
                0x000026d0                __aeabi_ddiv
 .text          0x000028a0      0x110 c:/sysgcc/arm-eabi/bin/../lib/gcc/arm-eabi/6.2.0/thumb/cortex_m3\libgcc.a(_arm_cmpdf2.o)
                0x000028a0                __gtdf2
                0x000028a0                __gedf2
                0x000028a8                __ltdf2
                0x000028a8                __ledf2
                0x000028b0                __nedf2
                0x000028b0                __eqdf2
                0x000028b0                __cmpdf2
                0x0000292c                __aeabi_cdrcmple
                0x0000293c                __aeabi_cdcmpeq
                0x0000293c                __aeabi_cdcmple
                0x0000294c                __aeabi_dcmpeq
                0x00002960                __aeabi_dcmplt
                0x00002974                __aeabi_dcmple
                0x00002988                __aeabi_dcmpge
                0x0000299c                __aeabi_dcmpgt
 .text          0x000029b0       0x2c c:/sysgcc/arm-eabi/bin/../lib/gcc/arm-eabi/6.2.0/thumb/cortex_m3\libgcc.a(_arm_unorddf2.o)
                0x000029b0                __unorddf2
                0x000029b0                __aeabi_dcmpun
 .text          0x000029dc       0x50 c:/sysgcc/arm-eabi/bin/../lib/gcc/arm-eabi/6.2.0/thumb/cortex_m3\libgcc.a(_arm_fixdfsi.o)
                0x000029dc                __aeabi_d2iz
                0x000029dc                __fixdfsi
 .text          0x00002a2c       0xa0 c:/sysgcc/arm-eabi/bin/../lib/gcc/arm-eabi/6.2.0/thumb/cortex_m3\libgcc.a(_aeabi_ldivmod.o)
                0x00002a2c                __aeabi_ldivmod
 .text          0x00002acc      0x2dc c:/sysgcc/arm-eabi/bin/../lib/gcc/arm-eabi/6.2.0/thumb/cortex_m3\libgcc.a(_udivmoddi4.o)
                0x00002acc                __udivmoddi4
 .text          0x00002da8        0x4 c:/sysgcc/arm-eabi/bin/../lib/gcc/arm-eabi/6.2.0/thumb/cortex_m3\libgcc.a(_dvmd_tls.o)
                0x00002da8                __aeabi_ldiv0
 .text          0x00002dac        0xc c:/sysgcc/arm-eabi/bin/../lib/gcc/arm-eabi/6.2.0/../../../../arm-eabi/lib/thumb/cortex_m3\libc.a(lib_a-errno.o)
                0x00002dac                __errno
 .text          0x00002db8       0x9c c:/sysgcc/arm-eabi/bin/../lib/gcc/arm-eabi/6.2.0/../../../../arm-eabi/lib/thumb/cortex_m3\libc.a(lib_a-memset.o)
                0x00002db8                memset
                0x00002e54                . = ALIGN (0x4)
 *(.glue_7t .glue_7)
 .glue_7        0x00002e54        0x0 linker stubs
 .glue_7t       0x00002e54        0x0 linker stubs
                0x00002e54                . = ALIGN (0x4)
 *(.rodata .rodata.* .gnu.linkonce.r.*)
 .rodata._ZTVN5hwlib17port_in_from_pinsE
                0x00002e54       0x14 keymatrix.o
                0x00002e54                _ZTVN5hwlib17port_in_from_pinsE
 .rodata._ZTVN3due6pin_inE
                0x00002e68       0x10 keymatrix.o
                0x00002e68                _ZTVN3due6pin_inE
 .rodata._ZTVN3due7pin_outE
                0x00002e78       0x10 keymatrix.o
                0x00002e78                _ZTVN3due7pin_outE
 .rodata        0x00002e88       0x20 keymatrix.o
 .rodata._ZN3due8pin_infoENS_4pinsE.str1.1
                0x00002ea8       0x33 keymatrix.o
 .rodata._ZN9keymatrix3setEiPA17_bPA17_h.str1.1
                0x00002edb        0xe keymatrix.o
 .rodata._ZZN3due8pin_infoENS_4pinsEE14pin_info_array
                0x00002ee9       0xa4 keymatrix.o
 .rodata._ZN4midi6noteOnERN3due7pin_outEhiihPA17_h.str1.1
                0x00002f8d       0x50 midi.o
                                 0x55 (size before relaxing)
 .rodata._ZN4midi7noteOffERN3due7pin_outEhiihPA17_h.str1.1
                0x00002fdd       0x22 midi.o
 *fill*         0x00002fff        0x1 
 .rodata._ZTV22monochrome8x8dotmatrix
                0x00003000       0x10 monochrome8x8dotmatrix.o
                0x00003000                _ZTV22monochrome8x8dotmatrix
 .rodata._ZN7max721915shiftDataRepeatEth.str1.1
                0x00003010        0x7 max7219.o
                                 0x11 (size before relaxing)
 *fill*         0x00003017        0x1 
 .rodata._ZTV7max7219
                0x00003018       0x10 max7219.o
                0x00003018                _ZTV7max7219
 .rodata._ZTVN5hwlib19_pin_in_dummy_classE
                0x00003028       0x10 hwlib.o
                0x00003028                _ZTVN5hwlib19_pin_in_dummy_classE
 .rodata._ZTVN5hwlib20cout_using_uart_putcE
                0x00003038       0x10 hwlib.o
                0x00003038                _ZTVN5hwlib20cout_using_uart_putcE
 .rodata._ZL4MXIN
                0x00003048      0x654 main.o
 .rodata._ZL7LETTERS
                0x0000369c      0xf30 main.o
 .rodata._ZL7NUMBERS
                0x000045cc      0xca8 main.o
 .rodata.main.str1.1
                0x00005274        0x7 main.o
 *fill*         0x0000527b        0x1 
 .rodata.str1.4
                0x0000527c        0x4 c:/sysgcc/arm-eabi/bin/../lib/gcc/arm-eabi/6.2.0/../../../../arm-eabi/lib/thumb/cortex_m3\libm.a(lib_a-w_pow.o)
 .rodata.str1.4
                0x00005280        0x4 c:/sysgcc/arm-eabi/bin/../lib/gcc/arm-eabi/6.2.0/../../../../arm-eabi/lib/thumb/cortex_m3\libm.a(lib_a-e_pow.o)
                                  0x1 (size before relaxing)
 *fill*         0x00005284        0x4 
 .rodata        0x00005288       0x10 c:/sysgcc/arm-eabi/bin/../lib/gcc/arm-eabi/6.2.0/../../../../arm-eabi/lib/thumb/cortex_m3\libm.a(lib_a-s_rint.o)
                0x00005298                . = ALIGN (0x4)
 *(.ARM.extab* .gnu.linkonce.armextab.*)
                0x00005298                . = ALIGN (0x4)
 *(.gcc_except_table)
                0x00005298                . = ALIGN (0x4)
 *(.eh_frame_hdr)
                0x00005298                . = ALIGN (0x4)
 *(.eh_frame)
                0x00005298                . = ALIGN (0x4)
                0x00005298                __text_end = .
                [!provide]                PROVIDE (__text_end, __text_end)

.vfp11_veneer   0x00005298        0x0
 .vfp11_veneer  0x00005298        0x0 linker stubs

.v4_bx          0x00005298        0x0
 .v4_bx         0x00005298        0x0 linker stubs

.iplt           0x00005298        0x0
 .iplt          0x00005298        0x0 keymatrix.o

.IF_YOU_SEE_THIS_YOU_HAVE_ONE_OR_MORE_GLOBAL_OBJECT_CONSTRUCTORS
 *(.init)
 *(.preinit_array)
 *(SORT(.init_array.*))
 *(.init_array)
                0x00005298                . = ALIGN (0x4)
                0x00005298                __exidx_start = .
                [!provide]                PROVIDE (__exidx_start, __exidx_start)

.ARM.exidx      0x00005298        0x8
 *(.ARM.exidx* .gnu.linkonce.armexidx.*)
 .ARM.exidx     0x00005298        0x8 c:/sysgcc/arm-eabi/bin/../lib/gcc/arm-eabi/6.2.0/thumb/cortex_m3\libgcc.a(_udivmoddi4.o)

.rel.dyn        0x000052a0        0x0
 .rel.iplt      0x000052a0        0x0 keymatrix.o
                0x000052a0                . = ALIGN (0x4)
                0x000052a0                __exidx_end = .
                [!provide]                PROVIDE (__exidx_end, __exidx_end)

.bss            0x20000000    0x12010
                0x20000000                . = ALIGN (0x4)
                0x20000000                __stack_start = .
                [!provide]                PROVIDE (__stack_start, __stack_start)
                0x20000000                . = ALIGN (0x4)
 *(.bmptk_stack)
 .bmptk_stack   0x20000000    0x12000 bmptk_fixed_size_stack.o
                0x20000000                bmptk_stack
                0x20012000                . = ALIGN (0x8)
                0x20012000                __main_stack_end = .
                [!provide]                PROVIDE (__main_stack_end, __main_stack_end)
                0x20012000                . = ALIGN (0x4)
                0x20012000                __stack_end = .
                [!provide]                PROVIDE (__stack_end, __stack_end)
                0x20012000                . = ALIGN (0x4)
                0x20012000                __bss_start = .
                [!provide]                PROVIDE (__bss_start, __bss_start)
                0x20012000                . = ALIGN (0x4)
 *(.bss .bss.* .gnu.linkonce.b.*)
 .bss._ZGVZN5hwlib9uart_putcEcE3pin
                0x20012000        0x4 keymatrix.o
 .bss._ZZN5hwlib9uart_putcEcE3pin
                0x20012004        0xc keymatrix.o
                0x20012010                . = ALIGN (0x4)
 *(COMMON)
                0x20012010                . = ALIGN (0x4)
                0x20012010                __bss_end = .
                [!provide]                PROVIDE (__bss_end, __bss_end)

.data           0x20012010      0x450 load address 0x000052a0
                0x20012010                . = ALIGN (0x4)
                0x000052a0                __data_init_start = LOADADDR (.data)
                [!provide]                PROVIDE (__data_init_start, __data_init_start)
                0x20012010                __data_start = .
                [!provide]                PROVIDE (__data_start, __data_start)
                0x20012010                . = ALIGN (0x4)
 *(.data .data.* .gnu.linkonce.d.*)
 .data._ZN5hwlib12pin_in_dummyE
                0x20012010        0x4 hwlib.o
                0x20012010                _ZN5hwlib12pin_in_dummyE
 .data._ZN5hwlib4coutE
                0x20012014       0x14 hwlib.o
                0x20012014                _ZN5hwlib4coutE
 .data          0x20012028        0x1 c:/sysgcc/arm-eabi/bin/../lib/gcc/arm-eabi/6.2.0/../../../../arm-eabi/lib/thumb/cortex_m3\libm.a(lib_a-s_lib_ver.o)
                0x20012028                __fdlib_version
 *fill*         0x20012029        0x7 
 .data          0x20012030      0x430 c:/sysgcc/arm-eabi/bin/../lib/gcc/arm-eabi/6.2.0/../../../../arm-eabi/lib/thumb/cortex_m3\libc.a(lib_a-impure.o)
                0x20012030                _impure_ptr
                0x20012460                . = ALIGN (0x4)
                0x20012460                __data_end = .
                [!provide]                PROVIDE (__data_end, __data_end)
                0x000052a0                __data_init_end = LOADADDR (.data)
                [!provide]                PROVIDE (__data_init_end, __data_init_end)
                0x00000450                PROVIDE (__data_size, (__data_end - __data_start))
                0x00000450                PROVIDE (__data_init_size, __data_size)
                [!provide]                PROVIDE (__data_init_end, (__data_init_start + __data_init_size))

.igot.plt       0x20012460        0x0 load address 0x000056f0
 .igot.plt      0x20012460        0x0 keymatrix.o
                0x20012460                . = ALIGN (0x4)
                0x20012460                __heap_start = .
                [!provide]                PROVIDE (__heap_start, __heap_start)
                0x20012460                . = ALIGN (0x4)
                0x20018000                __heap_end = __ram_end
                [!provide]                PROVIDE (__heap_end, __heap_end)

.stab
 *(.stab)

.stabstr
 *(.stabstr)

.debug
 *(.debug)

.line
 *(.line)

.debug_srcinfo
 *(.debug_srcinfo)

.debug_sfnames
 *(.debug_sfnames)

.debug_aranges  0x00000000      0x2d0
 *(.debug_aranges)
 .debug_aranges
                0x00000000       0x20 c:/sysgcc/arm-eabi/bin/../lib/gcc/arm-eabi/6.2.0/../../../../arm-eabi/lib/thumb/cortex_m3\libm.a(lib_a-w_pow.o)
 .debug_aranges
                0x00000020       0x20 c:/sysgcc/arm-eabi/bin/../lib/gcc/arm-eabi/6.2.0/../../../../arm-eabi/lib/thumb/cortex_m3\libm.a(lib_a-e_pow.o)
 .debug_aranges
                0x00000040       0x20 c:/sysgcc/arm-eabi/bin/../lib/gcc/arm-eabi/6.2.0/../../../../arm-eabi/lib/thumb/cortex_m3\libm.a(lib_a-e_sqrt.o)
 .debug_aranges
                0x00000060       0x20 c:/sysgcc/arm-eabi/bin/../lib/gcc/arm-eabi/6.2.0/../../../../arm-eabi/lib/thumb/cortex_m3\libm.a(lib_a-s_fabs.o)
 .debug_aranges
                0x00000080       0x20 c:/sysgcc/arm-eabi/bin/../lib/gcc/arm-eabi/6.2.0/../../../../arm-eabi/lib/thumb/cortex_m3\libm.a(lib_a-s_finite.o)
 .debug_aranges
                0x000000a0       0x18 c:/sysgcc/arm-eabi/bin/../lib/gcc/arm-eabi/6.2.0/../../../../arm-eabi/lib/thumb/cortex_m3\libm.a(lib_a-s_lib_ver.o)
 .debug_aranges
                0x000000b8       0x20 c:/sysgcc/arm-eabi/bin/../lib/gcc/arm-eabi/6.2.0/../../../../arm-eabi/lib/thumb/cortex_m3\libm.a(lib_a-s_matherr.o)
 .debug_aranges
                0x000000d8       0x20 c:/sysgcc/arm-eabi/bin/../lib/gcc/arm-eabi/6.2.0/../../../../arm-eabi/lib/thumb/cortex_m3\libm.a(lib_a-s_nan.o)
 .debug_aranges
                0x000000f8       0x20 c:/sysgcc/arm-eabi/bin/../lib/gcc/arm-eabi/6.2.0/../../../../arm-eabi/lib/thumb/cortex_m3\libm.a(lib_a-s_rint.o)
 .debug_aranges
                0x00000118       0x20 c:/sysgcc/arm-eabi/bin/../lib/gcc/arm-eabi/6.2.0/../../../../arm-eabi/lib/thumb/cortex_m3\libm.a(lib_a-s_scalbn.o)
 .debug_aranges
                0x00000138       0x20 c:/sysgcc/arm-eabi/bin/../lib/gcc/arm-eabi/6.2.0/../../../../arm-eabi/lib/thumb/cortex_m3\libm.a(lib_a-s_copysign.o)
 .debug_aranges
                0x00000158       0x20 c:/sysgcc/arm-eabi/bin/../lib/gcc/arm-eabi/6.2.0/thumb/cortex_m3\libgcc.a(_arm_addsubdf3.o)
 .debug_aranges
                0x00000178       0x20 c:/sysgcc/arm-eabi/bin/../lib/gcc/arm-eabi/6.2.0/thumb/cortex_m3\libgcc.a(_arm_muldivdf3.o)
 .debug_aranges
                0x00000198       0x20 c:/sysgcc/arm-eabi/bin/../lib/gcc/arm-eabi/6.2.0/thumb/cortex_m3\libgcc.a(_arm_cmpdf2.o)
 .debug_aranges
                0x000001b8       0x20 c:/sysgcc/arm-eabi/bin/../lib/gcc/arm-eabi/6.2.0/thumb/cortex_m3\libgcc.a(_arm_unorddf2.o)
 .debug_aranges
                0x000001d8       0x20 c:/sysgcc/arm-eabi/bin/../lib/gcc/arm-eabi/6.2.0/thumb/cortex_m3\libgcc.a(_arm_fixdfsi.o)
 .debug_aranges
                0x000001f8       0x20 c:/sysgcc/arm-eabi/bin/../lib/gcc/arm-eabi/6.2.0/thumb/cortex_m3\libgcc.a(_aeabi_ldivmod.o)
 .debug_aranges
                0x00000218       0x20 c:/sysgcc/arm-eabi/bin/../lib/gcc/arm-eabi/6.2.0/thumb/cortex_m3\libgcc.a(_aeabi_uldivmod.o)
 .debug_aranges
                0x00000238       0x20 c:/sysgcc/arm-eabi/bin/../lib/gcc/arm-eabi/6.2.0/thumb/cortex_m3\libgcc.a(_udivmoddi4.o)
 .debug_aranges
                0x00000258       0x20 c:/sysgcc/arm-eabi/bin/../lib/gcc/arm-eabi/6.2.0/thumb/cortex_m3\libgcc.a(_dvmd_tls.o)
 .debug_aranges
                0x00000278       0x20 c:/sysgcc/arm-eabi/bin/../lib/gcc/arm-eabi/6.2.0/../../../../arm-eabi/lib/thumb/cortex_m3\libc.a(lib_a-errno.o)
 .debug_aranges
                0x00000298       0x18 c:/sysgcc/arm-eabi/bin/../lib/gcc/arm-eabi/6.2.0/../../../../arm-eabi/lib/thumb/cortex_m3\libc.a(lib_a-impure.o)
 .debug_aranges
                0x000002b0       0x20 c:/sysgcc/arm-eabi/bin/../lib/gcc/arm-eabi/6.2.0/../../../../arm-eabi/lib/thumb/cortex_m3\libc.a(lib_a-memset.o)

.debug_pubnames
 *(.debug_pubnames)

.debug_info     0x00000000     0xa445
 *(.debug_info .gnu.linkonce.wi.*)
 .debug_info    0x00000000      0xad6 c:/sysgcc/arm-eabi/bin/../lib/gcc/arm-eabi/6.2.0/../../../../arm-eabi/lib/thumb/cortex_m3\libm.a(lib_a-w_pow.o)
 .debug_info    0x00000ad6      0xf5a c:/sysgcc/arm-eabi/bin/../lib/gcc/arm-eabi/6.2.0/../../../../arm-eabi/lib/thumb/cortex_m3\libm.a(lib_a-e_pow.o)
 .debug_info    0x00001a30      0xa67 c:/sysgcc/arm-eabi/bin/../lib/gcc/arm-eabi/6.2.0/../../../../arm-eabi/lib/thumb/cortex_m3\libm.a(lib_a-e_sqrt.o)
 .debug_info    0x00002497      0x991 c:/sysgcc/arm-eabi/bin/../lib/gcc/arm-eabi/6.2.0/../../../../arm-eabi/lib/thumb/cortex_m3\libm.a(lib_a-s_fabs.o)
 .debug_info    0x00002e28      0x977 c:/sysgcc/arm-eabi/bin/../lib/gcc/arm-eabi/6.2.0/../../../../arm-eabi/lib/thumb/cortex_m3\libm.a(lib_a-s_finite.o)
 .debug_info    0x0000379f      0x8da c:/sysgcc/arm-eabi/bin/../lib/gcc/arm-eabi/6.2.0/../../../../arm-eabi/lib/thumb/cortex_m3\libm.a(lib_a-s_lib_ver.o)
 .debug_info    0x00004079      0x969 c:/sysgcc/arm-eabi/bin/../lib/gcc/arm-eabi/6.2.0/../../../../arm-eabi/lib/thumb/cortex_m3\libm.a(lib_a-s_matherr.o)
 .debug_info    0x000049e2      0x90d c:/sysgcc/arm-eabi/bin/../lib/gcc/arm-eabi/6.2.0/../../../../arm-eabi/lib/thumb/cortex_m3\libm.a(lib_a-s_nan.o)
 .debug_info    0x000052ef      0xa64 c:/sysgcc/arm-eabi/bin/../lib/gcc/arm-eabi/6.2.0/../../../../arm-eabi/lib/thumb/cortex_m3\libm.a(lib_a-s_rint.o)
 .debug_info    0x00005d53      0xaa4 c:/sysgcc/arm-eabi/bin/../lib/gcc/arm-eabi/6.2.0/../../../../arm-eabi/lib/thumb/cortex_m3\libm.a(lib_a-s_scalbn.o)
 .debug_info    0x000067f7      0x9b9 c:/sysgcc/arm-eabi/bin/../lib/gcc/arm-eabi/6.2.0/../../../../arm-eabi/lib/thumb/cortex_m3\libm.a(lib_a-s_copysign.o)
 .debug_info    0x000071b0       0xde c:/sysgcc/arm-eabi/bin/../lib/gcc/arm-eabi/6.2.0/thumb/cortex_m3\libgcc.a(_arm_addsubdf3.o)
 .debug_info    0x0000728e       0xde c:/sysgcc/arm-eabi/bin/../lib/gcc/arm-eabi/6.2.0/thumb/cortex_m3\libgcc.a(_arm_muldivdf3.o)
 .debug_info    0x0000736c       0xde c:/sysgcc/arm-eabi/bin/../lib/gcc/arm-eabi/6.2.0/thumb/cortex_m3\libgcc.a(_arm_cmpdf2.o)
 .debug_info    0x0000744a       0xde c:/sysgcc/arm-eabi/bin/../lib/gcc/arm-eabi/6.2.0/thumb/cortex_m3\libgcc.a(_arm_unorddf2.o)
 .debug_info    0x00007528       0xde c:/sysgcc/arm-eabi/bin/../lib/gcc/arm-eabi/6.2.0/thumb/cortex_m3\libgcc.a(_arm_fixdfsi.o)
 .debug_info    0x00007606       0xd9 c:/sysgcc/arm-eabi/bin/../lib/gcc/arm-eabi/6.2.0/thumb/cortex_m3\libgcc.a(_aeabi_ldivmod.o)
 .debug_info    0x000076df       0xd9 c:/sysgcc/arm-eabi/bin/../lib/gcc/arm-eabi/6.2.0/thumb/cortex_m3\libgcc.a(_aeabi_uldivmod.o)
 .debug_info    0x000077b8      0xc00 c:/sysgcc/arm-eabi/bin/../lib/gcc/arm-eabi/6.2.0/thumb/cortex_m3\libgcc.a(_udivmoddi4.o)
 .debug_info    0x000083b8       0xdd c:/sysgcc/arm-eabi/bin/../lib/gcc/arm-eabi/6.2.0/thumb/cortex_m3\libgcc.a(_dvmd_tls.o)
 .debug_info    0x00008495      0x8d7 c:/sysgcc/arm-eabi/bin/../lib/gcc/arm-eabi/6.2.0/../../../../arm-eabi/lib/thumb/cortex_m3\libc.a(lib_a-errno.o)
 .debug_info    0x00008d6c      0x8b0 c:/sysgcc/arm-eabi/bin/../lib/gcc/arm-eabi/6.2.0/../../../../arm-eabi/lib/thumb/cortex_m3\libc.a(lib_a-impure.o)
 .debug_info    0x0000961c      0xe29 c:/sysgcc/arm-eabi/bin/../lib/gcc/arm-eabi/6.2.0/../../../../arm-eabi/lib/thumb/cortex_m3\libc.a(lib_a-memset.o)

.debug_abbrev   0x00000000     0x1ef6
 *(.debug_abbrev)
 .debug_abbrev  0x00000000      0x255 c:/sysgcc/arm-eabi/bin/../lib/gcc/arm-eabi/6.2.0/../../../../arm-eabi/lib/thumb/cortex_m3\libm.a(lib_a-w_pow.o)
 .debug_abbrev  0x00000255      0x2e2 c:/sysgcc/arm-eabi/bin/../lib/gcc/arm-eabi/6.2.0/../../../../arm-eabi/lib/thumb/cortex_m3\libm.a(lib_a-e_pow.o)
 .debug_abbrev  0x00000537      0x232 c:/sysgcc/arm-eabi/bin/../lib/gcc/arm-eabi/6.2.0/../../../../arm-eabi/lib/thumb/cortex_m3\libm.a(lib_a-e_sqrt.o)
 .debug_abbrev  0x00000769      0x205 c:/sysgcc/arm-eabi/bin/../lib/gcc/arm-eabi/6.2.0/../../../../arm-eabi/lib/thumb/cortex_m3\libm.a(lib_a-s_fabs.o)
 .debug_abbrev  0x0000096e      0x1f8 c:/sysgcc/arm-eabi/bin/../lib/gcc/arm-eabi/6.2.0/../../../../arm-eabi/lib/thumb/cortex_m3\libm.a(lib_a-s_finite.o)
 .debug_abbrev  0x00000b66      0x1aa c:/sysgcc/arm-eabi/bin/../lib/gcc/arm-eabi/6.2.0/../../../../arm-eabi/lib/thumb/cortex_m3\libm.a(lib_a-s_lib_ver.o)
 .debug_abbrev  0x00000d10      0x1ea c:/sysgcc/arm-eabi/bin/../lib/gcc/arm-eabi/6.2.0/../../../../arm-eabi/lib/thumb/cortex_m3\libm.a(lib_a-s_matherr.o)
 .debug_abbrev  0x00000efa      0x1d9 c:/sysgcc/arm-eabi/bin/../lib/gcc/arm-eabi/6.2.0/../../../../arm-eabi/lib/thumb/cortex_m3\libm.a(lib_a-s_nan.o)
 .debug_abbrev  0x000010d3      0x24b c:/sysgcc/arm-eabi/bin/../lib/gcc/arm-eabi/6.2.0/../../../../arm-eabi/lib/thumb/cortex_m3\libm.a(lib_a-s_rint.o)
 .debug_abbrev  0x0000131e      0x25e c:/sysgcc/arm-eabi/bin/../lib/gcc/arm-eabi/6.2.0/../../../../arm-eabi/lib/thumb/cortex_m3\libm.a(lib_a-s_scalbn.o)
 .debug_abbrev  0x0000157c      0x230 c:/sysgcc/arm-eabi/bin/../lib/gcc/arm-eabi/6.2.0/../../../../arm-eabi/lib/thumb/cortex_m3\libm.a(lib_a-s_copysign.o)
 .debug_abbrev  0x000017ac       0x14 c:/sysgcc/arm-eabi/bin/../lib/gcc/arm-eabi/6.2.0/thumb/cortex_m3\libgcc.a(_arm_addsubdf3.o)
 .debug_abbrev  0x000017c0       0x14 c:/sysgcc/arm-eabi/bin/../lib/gcc/arm-eabi/6.2.0/thumb/cortex_m3\libgcc.a(_arm_muldivdf3.o)
 .debug_abbrev  0x000017d4       0x14 c:/sysgcc/arm-eabi/bin/../lib/gcc/arm-eabi/6.2.0/thumb/cortex_m3\libgcc.a(_arm_cmpdf2.o)
 .debug_abbrev  0x000017e8       0x14 c:/sysgcc/arm-eabi/bin/../lib/gcc/arm-eabi/6.2.0/thumb/cortex_m3\libgcc.a(_arm_unorddf2.o)
 .debug_abbrev  0x000017fc       0x14 c:/sysgcc/arm-eabi/bin/../lib/gcc/arm-eabi/6.2.0/thumb/cortex_m3\libgcc.a(_arm_fixdfsi.o)
 .debug_abbrev  0x00001810       0x14 c:/sysgcc/arm-eabi/bin/../lib/gcc/arm-eabi/6.2.0/thumb/cortex_m3\libgcc.a(_aeabi_ldivmod.o)
 .debug_abbrev  0x00001824       0x14 c:/sysgcc/arm-eabi/bin/../lib/gcc/arm-eabi/6.2.0/thumb/cortex_m3\libgcc.a(_aeabi_uldivmod.o)
 .debug_abbrev  0x00001838      0x18c c:/sysgcc/arm-eabi/bin/../lib/gcc/arm-eabi/6.2.0/thumb/cortex_m3\libgcc.a(_udivmoddi4.o)
 .debug_abbrev  0x000019c4       0x14 c:/sysgcc/arm-eabi/bin/../lib/gcc/arm-eabi/6.2.0/thumb/cortex_m3\libgcc.a(_dvmd_tls.o)
 .debug_abbrev  0x000019d8      0x1ae c:/sysgcc/arm-eabi/bin/../lib/gcc/arm-eabi/6.2.0/../../../../arm-eabi/lib/thumb/cortex_m3\libc.a(lib_a-errno.o)
 .debug_abbrev  0x00001b86      0x192 c:/sysgcc/arm-eabi/bin/../lib/gcc/arm-eabi/6.2.0/../../../../arm-eabi/lib/thumb/cortex_m3\libc.a(lib_a-impure.o)
 .debug_abbrev  0x00001d18      0x1de c:/sysgcc/arm-eabi/bin/../lib/gcc/arm-eabi/6.2.0/../../../../arm-eabi/lib/thumb/cortex_m3\libc.a(lib_a-memset.o)

.debug_line     0x00000000     0x21de
 *(.debug_line)
 .debug_line    0x00000000      0x270 c:/sysgcc/arm-eabi/bin/../lib/gcc/arm-eabi/6.2.0/../../../../arm-eabi/lib/thumb/cortex_m3\libm.a(lib_a-w_pow.o)
 .debug_line    0x00000270      0x396 c:/sysgcc/arm-eabi/bin/../lib/gcc/arm-eabi/6.2.0/../../../../arm-eabi/lib/thumb/cortex_m3\libm.a(lib_a-e_pow.o)
 .debug_line    0x00000606      0x295 c:/sysgcc/arm-eabi/bin/../lib/gcc/arm-eabi/6.2.0/../../../../arm-eabi/lib/thumb/cortex_m3\libm.a(lib_a-e_sqrt.o)
 .debug_line    0x0000089b      0x1e4 c:/sysgcc/arm-eabi/bin/../lib/gcc/arm-eabi/6.2.0/../../../../arm-eabi/lib/thumb/cortex_m3\libm.a(lib_a-s_fabs.o)
 .debug_line    0x00000a7f      0x1a9 c:/sysgcc/arm-eabi/bin/../lib/gcc/arm-eabi/6.2.0/../../../../arm-eabi/lib/thumb/cortex_m3\libm.a(lib_a-s_finite.o)
 .debug_line    0x00000c28      0x13b c:/sysgcc/arm-eabi/bin/../lib/gcc/arm-eabi/6.2.0/../../../../arm-eabi/lib/thumb/cortex_m3\libm.a(lib_a-s_lib_ver.o)
 .debug_line    0x00000d63      0x14c c:/sysgcc/arm-eabi/bin/../lib/gcc/arm-eabi/6.2.0/../../../../arm-eabi/lib/thumb/cortex_m3\libm.a(lib_a-s_matherr.o)
 .debug_line    0x00000eaf      0x149 c:/sysgcc/arm-eabi/bin/../lib/gcc/arm-eabi/6.2.0/../../../../arm-eabi/lib/thumb/cortex_m3\libm.a(lib_a-s_nan.o)
 .debug_line    0x00000ff8      0x1ee c:/sysgcc/arm-eabi/bin/../lib/gcc/arm-eabi/6.2.0/../../../../arm-eabi/lib/thumb/cortex_m3\libm.a(lib_a-s_rint.o)
 .debug_line    0x000011e6      0x1d0 c:/sysgcc/arm-eabi/bin/../lib/gcc/arm-eabi/6.2.0/../../../../arm-eabi/lib/thumb/cortex_m3\libm.a(lib_a-s_scalbn.o)
 .debug_line    0x000013b6      0x1ac c:/sysgcc/arm-eabi/bin/../lib/gcc/arm-eabi/6.2.0/../../../../arm-eabi/lib/thumb/cortex_m3\libm.a(lib_a-s_copysign.o)
 .debug_line    0x00001562      0x189 c:/sysgcc/arm-eabi/bin/../lib/gcc/arm-eabi/6.2.0/thumb/cortex_m3\libgcc.a(_arm_addsubdf3.o)
 .debug_line    0x000016eb      0x1a5 c:/sysgcc/arm-eabi/bin/../lib/gcc/arm-eabi/6.2.0/thumb/cortex_m3\libgcc.a(_arm_muldivdf3.o)
 .debug_line    0x00001890       0xc4 c:/sysgcc/arm-eabi/bin/../lib/gcc/arm-eabi/6.2.0/thumb/cortex_m3\libgcc.a(_arm_cmpdf2.o)
 .debug_line    0x00001954       0x75 c:/sysgcc/arm-eabi/bin/../lib/gcc/arm-eabi/6.2.0/thumb/cortex_m3\libgcc.a(_arm_unorddf2.o)
 .debug_line    0x000019c9       0x80 c:/sysgcc/arm-eabi/bin/../lib/gcc/arm-eabi/6.2.0/thumb/cortex_m3\libgcc.a(_arm_fixdfsi.o)
 .debug_line    0x00001a49       0x85 c:/sysgcc/arm-eabi/bin/../lib/gcc/arm-eabi/6.2.0/thumb/cortex_m3\libgcc.a(_aeabi_ldivmod.o)
 .debug_line    0x00001ace       0x67 c:/sysgcc/arm-eabi/bin/../lib/gcc/arm-eabi/6.2.0/thumb/cortex_m3\libgcc.a(_aeabi_uldivmod.o)
 .debug_line    0x00001b35      0x24e c:/sysgcc/arm-eabi/bin/../lib/gcc/arm-eabi/6.2.0/thumb/cortex_m3\libgcc.a(_udivmoddi4.o)
 .debug_line    0x00001d83       0x67 c:/sysgcc/arm-eabi/bin/../lib/gcc/arm-eabi/6.2.0/thumb/cortex_m3\libgcc.a(_dvmd_tls.o)
 .debug_line    0x00001dea      0x112 c:/sysgcc/arm-eabi/bin/../lib/gcc/arm-eabi/6.2.0/../../../../arm-eabi/lib/thumb/cortex_m3\libc.a(lib_a-errno.o)
 .debug_line    0x00001efc       0xf7 c:/sysgcc/arm-eabi/bin/../lib/gcc/arm-eabi/6.2.0/../../../../arm-eabi/lib/thumb/cortex_m3\libc.a(lib_a-impure.o)
 .debug_line    0x00001ff3      0x1eb c:/sysgcc/arm-eabi/bin/../lib/gcc/arm-eabi/6.2.0/../../../../arm-eabi/lib/thumb/cortex_m3\libc.a(lib_a-memset.o)

.debug_frame    0x00000000      0x4e8
 *(.debug_frame)
 .debug_frame   0x00000000       0x48 c:/sysgcc/arm-eabi/bin/../lib/gcc/arm-eabi/6.2.0/../../../../arm-eabi/lib/thumb/cortex_m3\libm.a(lib_a-w_pow.o)
 .debug_frame   0x00000048       0x64 c:/sysgcc/arm-eabi/bin/../lib/gcc/arm-eabi/6.2.0/../../../../arm-eabi/lib/thumb/cortex_m3\libm.a(lib_a-e_pow.o)
 .debug_frame   0x000000ac       0x34 c:/sysgcc/arm-eabi/bin/../lib/gcc/arm-eabi/6.2.0/../../../../arm-eabi/lib/thumb/cortex_m3\libm.a(lib_a-e_sqrt.o)
 .debug_frame   0x000000e0       0x20 c:/sysgcc/arm-eabi/bin/../lib/gcc/arm-eabi/6.2.0/../../../../arm-eabi/lib/thumb/cortex_m3\libm.a(lib_a-s_fabs.o)
 .debug_frame   0x00000100       0x20 c:/sysgcc/arm-eabi/bin/../lib/gcc/arm-eabi/6.2.0/../../../../arm-eabi/lib/thumb/cortex_m3\libm.a(lib_a-s_finite.o)
 .debug_frame   0x00000120       0x20 c:/sysgcc/arm-eabi/bin/../lib/gcc/arm-eabi/6.2.0/../../../../arm-eabi/lib/thumb/cortex_m3\libm.a(lib_a-s_matherr.o)
 .debug_frame   0x00000140       0x20 c:/sysgcc/arm-eabi/bin/../lib/gcc/arm-eabi/6.2.0/../../../../arm-eabi/lib/thumb/cortex_m3\libm.a(lib_a-s_nan.o)
 .debug_frame   0x00000160       0x3c c:/sysgcc/arm-eabi/bin/../lib/gcc/arm-eabi/6.2.0/../../../../arm-eabi/lib/thumb/cortex_m3\libm.a(lib_a-s_rint.o)
 .debug_frame   0x0000019c       0x30 c:/sysgcc/arm-eabi/bin/../lib/gcc/arm-eabi/6.2.0/../../../../arm-eabi/lib/thumb/cortex_m3\libm.a(lib_a-s_scalbn.o)
 .debug_frame   0x000001cc       0x20 c:/sysgcc/arm-eabi/bin/../lib/gcc/arm-eabi/6.2.0/../../../../arm-eabi/lib/thumb/cortex_m3\libm.a(lib_a-s_copysign.o)
 .debug_frame   0x000001ec       0xac c:/sysgcc/arm-eabi/bin/../lib/gcc/arm-eabi/6.2.0/thumb/cortex_m3\libgcc.a(_arm_addsubdf3.o)
 .debug_frame   0x00000298       0x50 c:/sysgcc/arm-eabi/bin/../lib/gcc/arm-eabi/6.2.0/thumb/cortex_m3\libgcc.a(_arm_muldivdf3.o)
 .debug_frame   0x000002e8       0xc4 c:/sysgcc/arm-eabi/bin/../lib/gcc/arm-eabi/6.2.0/thumb/cortex_m3\libgcc.a(_arm_cmpdf2.o)
 .debug_frame   0x000003ac       0x20 c:/sysgcc/arm-eabi/bin/../lib/gcc/arm-eabi/6.2.0/thumb/cortex_m3\libgcc.a(_arm_unorddf2.o)
 .debug_frame   0x000003cc       0x24 c:/sysgcc/arm-eabi/bin/../lib/gcc/arm-eabi/6.2.0/thumb/cortex_m3\libgcc.a(_arm_fixdfsi.o)
 .debug_frame   0x000003f0       0x44 c:/sysgcc/arm-eabi/bin/../lib/gcc/arm-eabi/6.2.0/thumb/cortex_m3\libgcc.a(_aeabi_ldivmod.o)
 .debug_frame   0x00000434       0x2c c:/sysgcc/arm-eabi/bin/../lib/gcc/arm-eabi/6.2.0/thumb/cortex_m3\libgcc.a(_aeabi_uldivmod.o)
 .debug_frame   0x00000460       0x34 c:/sysgcc/arm-eabi/bin/../lib/gcc/arm-eabi/6.2.0/thumb/cortex_m3\libgcc.a(_udivmoddi4.o)
 .debug_frame   0x00000494       0x20 c:/sysgcc/arm-eabi/bin/../lib/gcc/arm-eabi/6.2.0/../../../../arm-eabi/lib/thumb/cortex_m3\libc.a(lib_a-errno.o)
 .debug_frame   0x000004b4       0x34 c:/sysgcc/arm-eabi/bin/../lib/gcc/arm-eabi/6.2.0/../../../../arm-eabi/lib/thumb/cortex_m3\libc.a(lib_a-memset.o)

.debug_str      0x00000000     0x1b9c
 *(.debug_str)
 .debug_str     0x00000000      0x602 c:/sysgcc/arm-eabi/bin/../lib/gcc/arm-eabi/6.2.0/../../../../arm-eabi/lib/thumb/cortex_m3\libm.a(lib_a-w_pow.o)
                                0x67f (size before relaxing)
 .debug_str     0x00000602       0xf7 c:/sysgcc/arm-eabi/bin/../lib/gcc/arm-eabi/6.2.0/../../../../arm-eabi/lib/thumb/cortex_m3\libm.a(lib_a-e_pow.o)
                                0x6e0 (size before relaxing)
 .debug_str     0x000006f9       0x4a c:/sysgcc/arm-eabi/bin/../lib/gcc/arm-eabi/6.2.0/../../../../arm-eabi/lib/thumb/cortex_m3\libm.a(lib_a-e_sqrt.o)
                                0x675 (size before relaxing)
 .debug_str     0x00000743       0x4a c:/sysgcc/arm-eabi/bin/../lib/gcc/arm-eabi/6.2.0/../../../../arm-eabi/lib/thumb/cortex_m3\libm.a(lib_a-s_fabs.o)
                                0x65c (size before relaxing)
 .debug_str     0x0000078d       0xd8 c:/sysgcc/arm-eabi/bin/../lib/gcc/arm-eabi/6.2.0/../../../../arm-eabi/lib/thumb/cortex_m3\libm.a(lib_a-s_finite.o)
                                0x664 (size before relaxing)
 .debug_str     0x00000865       0x4a c:/sysgcc/arm-eabi/bin/../lib/gcc/arm-eabi/6.2.0/../../../../arm-eabi/lib/thumb/cortex_m3\libm.a(lib_a-s_lib_ver.o)
                                0x621 (size before relaxing)
 .debug_str     0x000008af       0x4a c:/sysgcc/arm-eabi/bin/../lib/gcc/arm-eabi/6.2.0/../../../../arm-eabi/lib/thumb/cortex_m3\libm.a(lib_a-s_matherr.o)
                                0x64e (size before relaxing)
 .debug_str     0x000008f9       0x46 c:/sysgcc/arm-eabi/bin/../lib/gcc/arm-eabi/6.2.0/../../../../arm-eabi/lib/thumb/cortex_m3\libm.a(lib_a-s_nan.o)
                                0x624 (size before relaxing)
 .debug_str     0x0000093f       0xe9 c:/sysgcc/arm-eabi/bin/../lib/gcc/arm-eabi/6.2.0/../../../../arm-eabi/lib/thumb/cortex_m3\libm.a(lib_a-s_rint.o)
                                0x682 (size before relaxing)
 .debug_str     0x00000a28       0x5f c:/sysgcc/arm-eabi/bin/../lib/gcc/arm-eabi/6.2.0/../../../../arm-eabi/lib/thumb/cortex_m3\libm.a(lib_a-s_scalbn.o)
                                0x68e (size before relaxing)
 .debug_str     0x00000a87       0x4b c:/sysgcc/arm-eabi/bin/../lib/gcc/arm-eabi/6.2.0/../../../../arm-eabi/lib/thumb/cortex_m3\libm.a(lib_a-s_copysign.o)
                                0x663 (size before relaxing)
 .debug_str     0x00000ad2      0xbaa c:/sysgcc/arm-eabi/bin/../lib/gcc/arm-eabi/6.2.0/thumb/cortex_m3\libgcc.a(_udivmoddi4.o)
                                0xc9d (size before relaxing)
 .debug_str     0x0000167c       0xd3 c:/sysgcc/arm-eabi/bin/../lib/gcc/arm-eabi/6.2.0/../../../../arm-eabi/lib/thumb/cortex_m3\libc.a(lib_a-errno.o)
                                0x5d2 (size before relaxing)
 .debug_str     0x0000174f       0xe0 c:/sysgcc/arm-eabi/bin/../lib/gcc/arm-eabi/6.2.0/../../../../arm-eabi/lib/thumb/cortex_m3\libc.a(lib_a-impure.o)
                                0x5c0 (size before relaxing)
 .debug_str     0x0000182f      0x36d c:/sysgcc/arm-eabi/bin/../lib/gcc/arm-eabi/6.2.0/../../../../arm-eabi/lib/thumb/cortex_m3\libc.a(lib_a-memset.o)
                                0x8ed (size before relaxing)

.debug_loc      0x00000000     0x2ecf
 *(.debug_loc)
 .debug_loc     0x00000000      0x128 c:/sysgcc/arm-eabi/bin/../lib/gcc/arm-eabi/6.2.0/../../../../arm-eabi/lib/thumb/cortex_m3\libm.a(lib_a-w_pow.o)
 .debug_loc     0x00000128     0x1421 c:/sysgcc/arm-eabi/bin/../lib/gcc/arm-eabi/6.2.0/../../../../arm-eabi/lib/thumb/cortex_m3\libm.a(lib_a-e_pow.o)
 .debug_loc     0x00001549      0x445 c:/sysgcc/arm-eabi/bin/../lib/gcc/arm-eabi/6.2.0/../../../../arm-eabi/lib/thumb/cortex_m3\libm.a(lib_a-e_sqrt.o)
 .debug_loc     0x0000198e       0x2b c:/sysgcc/arm-eabi/bin/../lib/gcc/arm-eabi/6.2.0/../../../../arm-eabi/lib/thumb/cortex_m3\libm.a(lib_a-s_fabs.o)
 .debug_loc     0x000019b9       0x28 c:/sysgcc/arm-eabi/bin/../lib/gcc/arm-eabi/6.2.0/../../../../arm-eabi/lib/thumb/cortex_m3\libm.a(lib_a-s_finite.o)
 .debug_loc     0x000019e1       0x21 c:/sysgcc/arm-eabi/bin/../lib/gcc/arm-eabi/6.2.0/../../../../arm-eabi/lib/thumb/cortex_m3\libm.a(lib_a-s_matherr.o)
 .debug_loc     0x00001a02       0x21 c:/sysgcc/arm-eabi/bin/../lib/gcc/arm-eabi/6.2.0/../../../../arm-eabi/lib/thumb/cortex_m3\libm.a(lib_a-s_nan.o)
 .debug_loc     0x00001a23      0x2ed c:/sysgcc/arm-eabi/bin/../lib/gcc/arm-eabi/6.2.0/../../../../arm-eabi/lib/thumb/cortex_m3\libm.a(lib_a-s_rint.o)
 .debug_loc     0x00001d10      0x1f6 c:/sysgcc/arm-eabi/bin/../lib/gcc/arm-eabi/6.2.0/../../../../arm-eabi/lib/thumb/cortex_m3\libm.a(lib_a-s_scalbn.o)
 .debug_loc     0x00001f06       0x53 c:/sysgcc/arm-eabi/bin/../lib/gcc/arm-eabi/6.2.0/../../../../arm-eabi/lib/thumb/cortex_m3\libm.a(lib_a-s_copysign.o)
 .debug_loc     0x00001f59      0xdb9 c:/sysgcc/arm-eabi/bin/../lib/gcc/arm-eabi/6.2.0/thumb/cortex_m3\libgcc.a(_udivmoddi4.o)
 .debug_loc     0x00002d12      0x1bd c:/sysgcc/arm-eabi/bin/../lib/gcc/arm-eabi/6.2.0/../../../../arm-eabi/lib/thumb/cortex_m3\libc.a(lib_a-memset.o)

.comment        0x00000000       0x11
 .comment       0x00000000       0x11 keymatrix.o
                                 0x12 (size before relaxing)
 .comment       0x00000011       0x12 midi.o
 .comment       0x00000011       0x12 monochrome8x8dotmatrix.o
 .comment       0x00000011       0x12 max7219.o
 .comment       0x00000011       0x12 buzzer.o
 .comment       0x00000011       0x12 hwlib.o
 .comment       0x00000011       0x12 main.o
 .comment       0x00000011       0x12 bmptk_cortex.o
 .comment       0x00000011       0x12 bmptk_heap_none.o
 .comment       0x00000011       0x12 bmptk_fixed_size_stack.o
 .comment       0x00000011       0x12 c:/sysgcc/arm-eabi/bin/../lib/gcc/arm-eabi/6.2.0/../../../../arm-eabi/lib/thumb/cortex_m3\libm.a(lib_a-w_pow.o)
 .comment       0x00000011       0x12 c:/sysgcc/arm-eabi/bin/../lib/gcc/arm-eabi/6.2.0/../../../../arm-eabi/lib/thumb/cortex_m3\libm.a(lib_a-e_pow.o)
 .comment       0x00000011       0x12 c:/sysgcc/arm-eabi/bin/../lib/gcc/arm-eabi/6.2.0/../../../../arm-eabi/lib/thumb/cortex_m3\libm.a(lib_a-e_sqrt.o)
 .comment       0x00000011       0x12 c:/sysgcc/arm-eabi/bin/../lib/gcc/arm-eabi/6.2.0/../../../../arm-eabi/lib/thumb/cortex_m3\libm.a(lib_a-s_fabs.o)
 .comment       0x00000011       0x12 c:/sysgcc/arm-eabi/bin/../lib/gcc/arm-eabi/6.2.0/../../../../arm-eabi/lib/thumb/cortex_m3\libm.a(lib_a-s_finite.o)
 .comment       0x00000011       0x12 c:/sysgcc/arm-eabi/bin/../lib/gcc/arm-eabi/6.2.0/../../../../arm-eabi/lib/thumb/cortex_m3\libm.a(lib_a-s_lib_ver.o)
 .comment       0x00000011       0x12 c:/sysgcc/arm-eabi/bin/../lib/gcc/arm-eabi/6.2.0/../../../../arm-eabi/lib/thumb/cortex_m3\libm.a(lib_a-s_matherr.o)
 .comment       0x00000011       0x12 c:/sysgcc/arm-eabi/bin/../lib/gcc/arm-eabi/6.2.0/../../../../arm-eabi/lib/thumb/cortex_m3\libm.a(lib_a-s_nan.o)
 .comment       0x00000011       0x12 c:/sysgcc/arm-eabi/bin/../lib/gcc/arm-eabi/6.2.0/../../../../arm-eabi/lib/thumb/cortex_m3\libm.a(lib_a-s_rint.o)
 .comment       0x00000011       0x12 c:/sysgcc/arm-eabi/bin/../lib/gcc/arm-eabi/6.2.0/../../../../arm-eabi/lib/thumb/cortex_m3\libm.a(lib_a-s_scalbn.o)
 .comment       0x00000011       0x12 c:/sysgcc/arm-eabi/bin/../lib/gcc/arm-eabi/6.2.0/../../../../arm-eabi/lib/thumb/cortex_m3\libm.a(lib_a-s_copysign.o)
 .comment       0x00000011       0x12 c:/sysgcc/arm-eabi/bin/../lib/gcc/arm-eabi/6.2.0/thumb/cortex_m3\libgcc.a(_udivmoddi4.o)
 .comment       0x00000011       0x12 c:/sysgcc/arm-eabi/bin/../lib/gcc/arm-eabi/6.2.0/../../../../arm-eabi/lib/thumb/cortex_m3\libc.a(lib_a-errno.o)
 .comment       0x00000011       0x12 c:/sysgcc/arm-eabi/bin/../lib/gcc/arm-eabi/6.2.0/../../../../arm-eabi/lib/thumb/cortex_m3\libc.a(lib_a-impure.o)
 .comment       0x00000011       0x12 c:/sysgcc/arm-eabi/bin/../lib/gcc/arm-eabi/6.2.0/../../../../arm-eabi/lib/thumb/cortex_m3\libc.a(lib_a-memset.o)

.debug_macinfo
 *(.debug_macinfo)

.debug_weaknames
 *(.debug_weaknames)

.debug_funcnames
 *(.debug_funcnames)

.debug_typenames
 *(.debug_typenames)

.debug_varnames
 *(.debug_varnames)

.note.gnu.arm.ident
 *(.note.gnu.arm.ident)

.ARM.attributes
                0x00000000       0x33
 *(.ARM.attributes)
 .ARM.attributes
                0x00000000       0x33 keymatrix.o
 .ARM.attributes
                0x00000033       0x33 midi.o
 .ARM.attributes
                0x00000066       0x33 monochrome8x8dotmatrix.o
 .ARM.attributes
                0x00000099       0x33 max7219.o
 .ARM.attributes
                0x000000cc       0x33 buzzer.o
 .ARM.attributes
                0x000000ff       0x33 hwlib.o
 .ARM.attributes
                0x00000132       0x33 main.o
 .ARM.attributes
                0x00000165       0x33 bmptk_cortex.o
 .ARM.attributes
                0x00000198       0x33 bmptk_heap_none.o
 .ARM.attributes
                0x000001cb       0x33 bmptk_fixed_size_stack.o
 .ARM.attributes
                0x000001fe       0x33 c:/sysgcc/arm-eabi/bin/../lib/gcc/arm-eabi/6.2.0/../../../../arm-eabi/lib/thumb/cortex_m3\libm.a(lib_a-w_pow.o)
 .ARM.attributes
                0x00000231       0x33 c:/sysgcc/arm-eabi/bin/../lib/gcc/arm-eabi/6.2.0/../../../../arm-eabi/lib/thumb/cortex_m3\libm.a(lib_a-e_pow.o)
 .ARM.attributes
                0x00000264       0x33 c:/sysgcc/arm-eabi/bin/../lib/gcc/arm-eabi/6.2.0/../../../../arm-eabi/lib/thumb/cortex_m3\libm.a(lib_a-e_sqrt.o)
 .ARM.attributes
                0x00000297       0x33 c:/sysgcc/arm-eabi/bin/../lib/gcc/arm-eabi/6.2.0/../../../../arm-eabi/lib/thumb/cortex_m3\libm.a(lib_a-s_fabs.o)
 .ARM.attributes
                0x000002ca       0x33 c:/sysgcc/arm-eabi/bin/../lib/gcc/arm-eabi/6.2.0/../../../../arm-eabi/lib/thumb/cortex_m3\libm.a(lib_a-s_finite.o)
 .ARM.attributes
                0x000002fd       0x33 c:/sysgcc/arm-eabi/bin/../lib/gcc/arm-eabi/6.2.0/../../../../arm-eabi/lib/thumb/cortex_m3\libm.a(lib_a-s_lib_ver.o)
 .ARM.attributes
                0x00000330       0x33 c:/sysgcc/arm-eabi/bin/../lib/gcc/arm-eabi/6.2.0/../../../../arm-eabi/lib/thumb/cortex_m3\libm.a(lib_a-s_matherr.o)
 .ARM.attributes
                0x00000363       0x33 c:/sysgcc/arm-eabi/bin/../lib/gcc/arm-eabi/6.2.0/../../../../arm-eabi/lib/thumb/cortex_m3\libm.a(lib_a-s_nan.o)
 .ARM.attributes
                0x00000396       0x33 c:/sysgcc/arm-eabi/bin/../lib/gcc/arm-eabi/6.2.0/../../../../arm-eabi/lib/thumb/cortex_m3\libm.a(lib_a-s_rint.o)
 .ARM.attributes
                0x000003c9       0x33 c:/sysgcc/arm-eabi/bin/../lib/gcc/arm-eabi/6.2.0/../../../../arm-eabi/lib/thumb/cortex_m3\libm.a(lib_a-s_scalbn.o)
 .ARM.attributes
                0x000003fc       0x33 c:/sysgcc/arm-eabi/bin/../lib/gcc/arm-eabi/6.2.0/../../../../arm-eabi/lib/thumb/cortex_m3\libm.a(lib_a-s_copysign.o)
 .ARM.attributes
                0x0000042f       0x23 c:/sysgcc/arm-eabi/bin/../lib/gcc/arm-eabi/6.2.0/thumb/cortex_m3\libgcc.a(_arm_addsubdf3.o)
 .ARM.attributes
                0x00000452       0x23 c:/sysgcc/arm-eabi/bin/../lib/gcc/arm-eabi/6.2.0/thumb/cortex_m3\libgcc.a(_arm_muldivdf3.o)
 .ARM.attributes
                0x00000475       0x23 c:/sysgcc/arm-eabi/bin/../lib/gcc/arm-eabi/6.2.0/thumb/cortex_m3\libgcc.a(_arm_cmpdf2.o)
 .ARM.attributes
                0x00000498       0x23 c:/sysgcc/arm-eabi/bin/../lib/gcc/arm-eabi/6.2.0/thumb/cortex_m3\libgcc.a(_arm_unorddf2.o)
 .ARM.attributes
                0x000004bb       0x23 c:/sysgcc/arm-eabi/bin/../lib/gcc/arm-eabi/6.2.0/thumb/cortex_m3\libgcc.a(_arm_fixdfsi.o)
 .ARM.attributes
                0x000004de       0x23 c:/sysgcc/arm-eabi/bin/../lib/gcc/arm-eabi/6.2.0/thumb/cortex_m3\libgcc.a(_aeabi_ldivmod.o)
 .ARM.attributes
                0x00000501       0x23 c:/sysgcc/arm-eabi/bin/../lib/gcc/arm-eabi/6.2.0/thumb/cortex_m3\libgcc.a(_aeabi_uldivmod.o)
 .ARM.attributes
                0x00000524       0x33 c:/sysgcc/arm-eabi/bin/../lib/gcc/arm-eabi/6.2.0/thumb/cortex_m3\libgcc.a(_udivmoddi4.o)
 .ARM.attributes
                0x00000557       0x23 c:/sysgcc/arm-eabi/bin/../lib/gcc/arm-eabi/6.2.0/thumb/cortex_m3\libgcc.a(_dvmd_tls.o)
 .ARM.attributes
                0x0000057a       0x33 c:/sysgcc/arm-eabi/bin/../lib/gcc/arm-eabi/6.2.0/../../../../arm-eabi/lib/thumb/cortex_m3\libc.a(lib_a-errno.o)
 .ARM.attributes
                0x000005ad       0x33 c:/sysgcc/arm-eabi/bin/../lib/gcc/arm-eabi/6.2.0/../../../../arm-eabi/lib/thumb/cortex_m3\libc.a(lib_a-impure.o)
 .ARM.attributes
                0x000005e0       0x33 c:/sysgcc/arm-eabi/bin/../lib/gcc/arm-eabi/6.2.0/../../../../arm-eabi/lib/thumb/cortex_m3\libc.a(lib_a-memset.o)

/DISCARD/
 *(.note.GNU-stack)
                [!provide]                PROVIDE (__text_size, (__text_end - __text_start))
                [!provide]                PROVIDE (__exidx_size, (__exidx_end - __exidx_start))
                [!provide]                PROVIDE (__bss_size, (__bss_end - __bss_start))
                [!provide]                PROVIDE (__stack_size, (__stack_end - __stack_start))
                [!provide]                PROVIDE (__heap_size, (__heap_end - __heap_start))
OUTPUT(main.elf elf32-littlearm)

.debug_ranges   0x00000000      0x250
 .debug_ranges  0x00000000      0x118 c:/sysgcc/arm-eabi/bin/../lib/gcc/arm-eabi/6.2.0/../../../../arm-eabi/lib/thumb/cortex_m3\libm.a(lib_a-e_pow.o)
 .debug_ranges  0x00000118       0x30 c:/sysgcc/arm-eabi/bin/../lib/gcc/arm-eabi/6.2.0/../../../../arm-eabi/lib/thumb/cortex_m3\libm.a(lib_a-s_rint.o)
 .debug_ranges  0x00000148       0x18 c:/sysgcc/arm-eabi/bin/../lib/gcc/arm-eabi/6.2.0/../../../../arm-eabi/lib/thumb/cortex_m3\libm.a(lib_a-s_scalbn.o)
 .debug_ranges  0x00000160       0xf0 c:/sysgcc/arm-eabi/bin/../lib/gcc/arm-eabi/6.2.0/thumb/cortex_m3\libgcc.a(_udivmoddi4.o)
