Archive member included to satisfy reference by file (symbol)

c:/sysgcc/arm-eabi/bin/../lib/gcc/arm-eabi/6.2.0/thumb/cortex_m3\libgcc.a(_aeabi_ldivmod.o)
                              midi.o (__aeabi_ldivmod)
c:/sysgcc/arm-eabi/bin/../lib/gcc/arm-eabi/6.2.0/thumb/cortex_m3\libgcc.a(_aeabi_uldivmod.o)
                              keymatrix.o (__aeabi_uldivmod)
c:/sysgcc/arm-eabi/bin/../lib/gcc/arm-eabi/6.2.0/thumb/cortex_m3\libgcc.a(_udivmoddi4.o)
                              c:/sysgcc/arm-eabi/bin/../lib/gcc/arm-eabi/6.2.0/thumb/cortex_m3\libgcc.a(_aeabi_ldivmod.o) (__udivmoddi4)
c:/sysgcc/arm-eabi/bin/../lib/gcc/arm-eabi/6.2.0/thumb/cortex_m3\libgcc.a(_dvmd_tls.o)
                              c:/sysgcc/arm-eabi/bin/../lib/gcc/arm-eabi/6.2.0/thumb/cortex_m3\libgcc.a(_aeabi_ldivmod.o) (__aeabi_ldiv0)
c:/sysgcc/arm-eabi/bin/../lib/gcc/arm-eabi/6.2.0/../../../../arm-eabi/lib/thumb/cortex_m3\libc.a(lib_a-memset.o)
                              max7219.o (memset)

Allocating common symbols
Common symbol       size              file

__dso_handle        0x4               bmptk_cortex.o

Discarded input sections

 .group         0x00000000        0x8 keymatrix.o
 .group         0x00000000        0x8 keymatrix.o
 .group         0x00000000        0x8 keymatrix.o
 .group         0x00000000        0x8 keymatrix.o
 .group         0x00000000        0x8 keymatrix.o
 .group         0x00000000        0x8 keymatrix.o
 .group         0x00000000        0x8 keymatrix.o
 .group         0x00000000        0x8 keymatrix.o
 .group         0x00000000        0x8 keymatrix.o
 .group         0x00000000        0x8 keymatrix.o
 .group         0x00000000        0x8 keymatrix.o
 .group         0x00000000        0x8 keymatrix.o
 .text          0x00000000        0x0 keymatrix.o
 .data          0x00000000        0x0 keymatrix.o
 .bss           0x00000000        0x0 keymatrix.o
 .text._ZN3due11ad_pin_infoENS_7ad_pinsE
                0x00000000       0x1c keymatrix.o
 .text._ZN3due11ad_seq_infoEm
                0x00000000       0x20 keymatrix.o
 .text._ZN3due6now_usEv
                0x00000000       0x78 keymatrix.o
 .text._ZN5hwlib7wait_nsEi
                0x00000000       0x14 keymatrix.o
 .text._ZN5hwlib9uart_getcEv
                0x00000000       0x3c keymatrix.o
 .text._ZN5hwlib6now_usEv
                0x00000000        0x8 keymatrix.o
 .text._ZN9keymatrix11getNum_rowsEv
                0x00000000        0x4 keymatrix.o
 .text._ZN9keymatrix11getNum_colsEv
                0x00000000        0x4 keymatrix.o
 .bss._ZGVZN5hwlib9uart_getcEvE3pin
                0x00000000        0x4 keymatrix.o
 .bss._ZZN3due6now_usEvE4high
                0x00000000        0x8 keymatrix.o
 .bss._ZZN3due6now_usEvE8last_low
                0x00000000        0x4 keymatrix.o
 .bss._ZZN3due6now_usEvE9init_done
                0x00000000        0x1 keymatrix.o
 .bss._ZZN5hwlib9uart_getcEvE3pin
                0x00000000        0xc keymatrix.o
 .rodata._ZZN3due11ad_pin_infoENS_7ad_pinsEE17ad_pin_info_array
                0x00000000        0xc keymatrix.o
 .rodata._ZZN3due11ad_seq_infoEmE12ad_seq_array
                0x00000000       0x70 keymatrix.o
 .group         0x00000000        0x8 midi.o
 .group         0x00000000        0x8 midi.o
 .group         0x00000000        0x8 midi.o
 .group         0x00000000        0x8 midi.o
 .group         0x00000000        0x8 midi.o
 .group         0x00000000        0x8 midi.o
 .group         0x00000000        0x8 midi.o
 .group         0x00000000        0x8 midi.o
 .group         0x00000000        0x8 midi.o
 .text          0x00000000        0x0 midi.o
 .data          0x00000000        0x0 midi.o
 .bss           0x00000000        0x0 midi.o
 .text._ZN5hwlib6pin_in7refreshEv
                0x00000000        0x2 midi.o
 .text._ZN5hwlib7pin_out5flushEv
                0x00000000        0x2 midi.o
 .text._ZN3due6pin_in3getEN5hwlib9bufferingE
                0x00000000       0x10 midi.o
 .text._ZN3due7pin_out3setEbN5hwlib9bufferingE
                0x00000000        0xe midi.o
 .text._ZN5hwlib7ostream6fillerEi
                0x00000000       0x1a midi.o
 .text._ZN5hwliblsERNS_7ostreamEPKc
                0x00000000       0x54 midi.o
 .text._ZN3due8pin_infoENS_4pinsE
                0x00000000       0x20 midi.o
 .text._ZN3due11ad_pin_infoENS_7ad_pinsE
                0x00000000       0x1c midi.o
 .text._ZN3due11ad_seq_infoEm
                0x00000000       0x20 midi.o
 .text._ZN3due14port_registersEm
                0x00000000       0x48 midi.o
 .text._ZN3due6now_usEv
                0x00000000       0x78 midi.o
 .text._ZN5hwlib7wait_usEi
                0x00000000       0x28 midi.o
 .text._ZN5hwlib7wait_nsEi
                0x00000000       0x14 midi.o
 .text._ZN5hwlib7wait_msEi
                0x00000000       0x16 midi.o
 .text._ZN5hwlib9uart_putcEc
                0x00000000       0x40 midi.o
 .text._ZN5hwlib9uart_getcEv
                0x00000000       0x3c midi.o
 .text._ZN5hwlib6now_usEv
                0x00000000        0x8 midi.o
 .text._ZN4midi18midiSetChannelBankERN3due7pin_outEhh
                0x00000000       0x3a midi.o
 .text._ZN4midi17midiSetInstrumentERN3due7pin_outEhh
                0x00000000       0x30 midi.o
 .text._ZN4midi20midiSetChannelVolumeERN3due7pin_outEhh
                0x00000000       0x3a midi.o
 .text._ZN4midi10midinoteOnERN3due7pin_outEPiihhPA17_bPA17_h
                0x00000000       0x5a midi.o
 .text._ZN4midi11midinoteOffERN3due7pin_outEPiihhPA17_bPA17_h
                0x00000000       0x50 midi.o
 .rodata._ZTVN3due6pin_inE
                0x00000000       0x10 midi.o
 .rodata._ZTVN3due7pin_outE
                0x00000000       0x10 midi.o
 .bss._ZGVZN5hwlib9uart_getcEvE3pin
                0x00000000        0x4 midi.o
 .bss._ZGVZN5hwlib9uart_putcEcE3pin
                0x00000000        0x4 midi.o
 .bss._ZZN3due6now_usEvE4high
                0x00000000        0x8 midi.o
 .bss._ZZN3due6now_usEvE8last_low
                0x00000000        0x4 midi.o
 .bss._ZZN3due6now_usEvE9init_done
                0x00000000        0x1 midi.o
 .bss._ZZN5hwlib9uart_getcEvE3pin
                0x00000000        0xc midi.o
 .bss._ZZN5hwlib9uart_putcEcE3pin
                0x00000000        0xc midi.o
 .rodata._ZN3due8pin_infoENS_4pinsE.str1.1
                0x00000000       0x33 midi.o
 .rodata._ZZN3due11ad_pin_infoENS_7ad_pinsEE17ad_pin_info_array
                0x00000000        0xc midi.o
 .rodata._ZZN3due11ad_seq_infoEmE12ad_seq_array
                0x00000000       0x70 midi.o
 .rodata._ZZN3due8pin_infoENS_4pinsEE14pin_info_array
                0x00000000       0xa4 midi.o
 .group         0x00000000        0x8 monochrome8x8dotmatrix.o
 .text          0x00000000        0x0 monochrome8x8dotmatrix.o
 .data          0x00000000        0x0 monochrome8x8dotmatrix.o
 .bss           0x00000000        0x0 monochrome8x8dotmatrix.o
 .group         0x00000000        0x8 max7219.o
 .group         0x00000000        0x8 max7219.o
 .group         0x00000000        0x8 max7219.o
 .group         0x00000000        0x8 max7219.o
 .group         0x00000000        0x8 max7219.o
 .group         0x00000000        0x8 max7219.o
 .group         0x00000000        0x8 max7219.o
 .group         0x00000000        0x8 max7219.o
 .text          0x00000000        0x0 max7219.o
 .data          0x00000000        0x0 max7219.o
 .bss           0x00000000        0x0 max7219.o
 .text._ZN5hwlib6pin_in7refreshEv
                0x00000000        0x2 max7219.o
 .text._ZN5hwlib7pin_out5flushEv
                0x00000000        0x2 max7219.o
 .text._ZN3due6pin_in3getEN5hwlib9bufferingE
                0x00000000       0x10 max7219.o
 .text._ZN3due7pin_out3setEbN5hwlib9bufferingE
                0x00000000        0xe max7219.o
 .text._ZN5hwliblsERNS_7ostreamEPKc
                0x00000000       0x66 max7219.o
 .text._ZN3due8pin_infoENS_4pinsE
                0x00000000       0x20 max7219.o
 .text._ZN3due11ad_pin_infoENS_7ad_pinsE
                0x00000000       0x1c max7219.o
 .text._ZN3due11ad_seq_infoEm
                0x00000000       0x20 max7219.o
 .text._ZN3due14port_registersEm
                0x00000000       0x48 max7219.o
 .text._ZN3due6now_usEv
                0x00000000       0x78 max7219.o
 .text._ZN5hwlib7wait_usEi
                0x00000000       0x28 max7219.o
 .text._ZN5hwlib7wait_nsEi
                0x00000000       0x14 max7219.o
 .text._ZN5hwlib7wait_msEi
                0x00000000       0x16 max7219.o
 .text._ZN5hwlib9uart_putcEc
                0x00000000       0x40 max7219.o
 .text._ZN5hwlib9uart_getcEv
                0x00000000       0x3c max7219.o
 .text._ZN5hwlib6now_usEv
                0x00000000        0x8 max7219.o
 .rodata._ZTVN3due6pin_inE
                0x00000000       0x10 max7219.o
 .rodata._ZTVN3due7pin_outE
                0x00000000       0x10 max7219.o
 .bss._ZGVZN5hwlib9uart_getcEvE3pin
                0x00000000        0x4 max7219.o
 .bss._ZGVZN5hwlib9uart_putcEcE3pin
                0x00000000        0x4 max7219.o
 .bss._ZZN3due6now_usEvE4high
                0x00000000        0x8 max7219.o
 .bss._ZZN3due6now_usEvE8last_low
                0x00000000        0x4 max7219.o
 .bss._ZZN3due6now_usEvE9init_done
                0x00000000        0x1 max7219.o
 .bss._ZZN5hwlib9uart_getcEvE3pin
                0x00000000        0xc max7219.o
 .bss._ZZN5hwlib9uart_putcEcE3pin
                0x00000000        0xc max7219.o
 .rodata._ZN3due8pin_infoENS_4pinsE.str1.1
                0x00000000       0x33 max7219.o
 .rodata._ZZN3due11ad_pin_infoENS_7ad_pinsEE17ad_pin_info_array
                0x00000000        0xc max7219.o
 .rodata._ZZN3due11ad_seq_infoEmE12ad_seq_array
                0x00000000       0x70 max7219.o
 .rodata._ZZN3due8pin_infoENS_4pinsEE14pin_info_array
                0x00000000       0xa4 max7219.o
 .group         0x00000000        0x8 hwlib.o
 .group         0x00000000        0x8 hwlib.o
 .group         0x00000000        0x8 hwlib.o
 .group         0x00000000        0x8 hwlib.o
 .group         0x00000000        0x8 hwlib.o
 .group         0x00000000        0x8 hwlib.o
 .group         0x00000000        0x8 hwlib.o
 .group         0x00000000        0x8 hwlib.o
 .group         0x00000000        0x8 hwlib.o
 .group         0x00000000        0x8 hwlib.o
 .group         0x00000000        0x8 hwlib.o
 .group         0x00000000        0x8 hwlib.o
 .group         0x00000000        0x8 hwlib.o
 .group         0x00000000        0x8 hwlib.o
 .group         0x00000000        0x8 hwlib.o
 .group         0x00000000        0x8 hwlib.o
 .group         0x00000000        0x8 hwlib.o
 .group         0x00000000        0x8 hwlib.o
 .group         0x00000000        0x8 hwlib.o
 .group         0x00000000        0x8 hwlib.o
 .group         0x00000000        0x8 hwlib.o
 .group         0x00000000        0x8 hwlib.o
 .group         0x00000000        0x8 hwlib.o
 .group         0x00000000        0x8 hwlib.o
 .group         0x00000000        0x8 hwlib.o
 .group         0x00000000        0x8 hwlib.o
 .group         0x00000000        0x8 hwlib.o
 .group         0x00000000        0x8 hwlib.o
 .group         0x00000000        0x8 hwlib.o
 .group         0x00000000        0x8 hwlib.o
 .group         0x00000000        0x8 hwlib.o
 .group         0x00000000        0x8 hwlib.o
 .group         0x00000000        0x8 hwlib.o
 .group         0x00000000        0x8 hwlib.o
 .group         0x00000000        0x8 hwlib.o
 .group         0x00000000        0x8 hwlib.o
 .group         0x00000000        0x8 hwlib.o
 .text          0x00000000        0x0 hwlib.o
 .data          0x00000000        0x0 hwlib.o
 .bss           0x00000000        0x0 hwlib.o
 .text._ZN5hwlib10pin_in_out7refreshEv
                0x00000000        0x2 hwlib.o
 .text._ZN5hwlib10pin_in_out5flushEv
                0x00000000        0x2 hwlib.o
 .text._ZN5hwlib6pin_in7refreshEv
                0x00000000        0x2 hwlib.o
 .text._ZN5hwlib7pin_out5flushEv
                0x00000000        0x2 hwlib.o
 .text._ZN5hwlib6pin_oc7refreshEv
                0x00000000        0x2 hwlib.o
 .text._ZN5hwlib6pin_oc5flushEv
                0x00000000        0x2 hwlib.o
 .text._ZN5hwlib23_pin_in_out_dummy_class3setEbNS_9bufferingE
                0x00000000        0x2 hwlib.o
 .text._ZN5hwlib23_pin_in_out_dummy_class3getENS_9bufferingE
                0x00000000        0x4 hwlib.o
 .text._ZN5hwlib23_pin_in_out_dummy_class19direction_set_inputEv
                0x00000000        0x2 hwlib.o
 .text._ZN5hwlib23_pin_in_out_dummy_class20direction_set_outputEv
                0x00000000        0x2 hwlib.o
 .text._ZN5hwlib20_pin_out_dummy_class3setEbNS_9bufferingE
                0x00000000        0x2 hwlib.o
 .text._ZN5hwlib19_pin_oc_dummy_class3setEbNS_9bufferingE
                0x00000000        0x2 hwlib.o
 .text._ZN5hwlib19_pin_oc_dummy_class3getENS_9bufferingE
                0x00000000        0x4 hwlib.o
 .text._ZNK5hwlib9image_8x818get_implementationENS_8locationE
                0x00000000       0x44 hwlib.o
 .text._ZN3due6pin_in3getEN5hwlib9bufferingE
                0x00000000       0x10 hwlib.o
 .text._ZN3due7pin_out3setEbN5hwlib9bufferingE
                0x00000000        0xe hwlib.o
 .text._ZN5hwlib7ostream6fillerEi
                0x00000000       0x1a hwlib.o
 .text._ZN5hwliblsERNS_7ostreamEPKc
                0x00000000       0x54 hwlib.o
 .text._ZN5hwliblsERNS_7ostreamEx
                0x00000000      0x10a hwlib.o
 .text._ZN5hwliblsERNS_7ostreamENS_8locationE
                0x00000000       0x3c hwlib.o
 .text._ZN5hwlib6window5writeENS_8locationENS_5colorENS_9bufferingE
                0x00000000       0x38 hwlib.o
 .text._ZN5hwlib4line4drawERNS_6windowENS_9bufferingE
                0x00000000       0x78 hwlib.o
 .text._ZN5hwlib6circle4drawERNS_6windowENS_9bufferingE
                0x00000000      0x320 hwlib.o
 .text._ZN5hwlib4randEv
                0x00000000       0x20 hwlib.o
 .text._ZN5hwlib15random_in_rangeEjj
                0x00000000       0x1a hwlib.o
 .text._ZN3due8pin_infoENS_4pinsE
                0x00000000       0x20 hwlib.o
 .text._ZN3due11ad_pin_infoENS_7ad_pinsE
                0x00000000       0x1c hwlib.o
 .text._ZN3due11ad_seq_infoEm
                0x00000000       0x20 hwlib.o
 .text._ZN3due14port_registersEm
                0x00000000       0x48 hwlib.o
 .text._ZN3due6now_usEv
                0x00000000       0x78 hwlib.o
 .text._ZN5hwlib7wait_usEi
                0x00000000       0x28 hwlib.o
 .text._ZN5hwlib7wait_nsEi
                0x00000000       0x14 hwlib.o
 .text._ZN5hwlib7wait_msEi
                0x00000000       0x16 hwlib.o
 .text._ZN5hwlib5blinkERNS_7pin_outEj
                0x00000000       0x2c hwlib.o
 .text._ZN5hwlib4kittERNS_11port_in_outEj
                0x00000000       0x58 hwlib.o
 .text._ZN5hwlib4kittERNS_8port_outEj
                0x00000000       0x52 hwlib.o
 .text._ZN5hwlib4kittERNS_7port_ocEj
                0x00000000       0x52 hwlib.o
 .text._ZN5hwlib21graphics_random_linesERNS_6windowEj
                0x00000000      0x100 hwlib.o
 .text._ZN5hwlib23graphics_random_circlesERNS_6windowEj
                0x00000000       0x90 hwlib.o
 .text._ZN5hwlib12dac_triangleERNS_3dacEj
                0x00000000       0x36 hwlib.o
 .text._ZN5hwlib9uart_putcEc
                0x00000000       0x3c hwlib.o
 .text._ZN5hwlib6now_usEv
                0x00000000        0x8 hwlib.o
 .text._ZN5hwlib40uart_getc_bit_banged_pin_custom_baudrateERNS_6pin_inEi
                0x00000000       0x7c hwlib.o
 .text._ZN5hwlib24uart_getc_bit_banged_pinERNS_6pin_inE
                0x00000000        0xc hwlib.o
 .text._ZN5hwlib9uart_getcEv
                0x00000000       0x38 hwlib.o
 .text._ZN5hwlib19cin_using_uart_getc4getcEv
                0x00000000        0x8 hwlib.o
 .rodata._ZTVN5hwlib23_pin_in_out_dummy_classE
                0x00000000       0x20 hwlib.o
 .rodata._ZTVN5hwlib20_pin_out_dummy_classE
                0x00000000       0x10 hwlib.o
 .rodata._ZTVN5hwlib19_pin_oc_dummy_classE
                0x00000000       0x18 hwlib.o
 .rodata._ZTVN5hwlib19cin_using_uart_getcE
                0x00000000        0xc hwlib.o
 .rodata._ZTVN5hwlib9image_8x8E
                0x00000000        0xc hwlib.o
 .rodata._ZTVN5hwlib4lineE
                0x00000000        0xc hwlib.o
 .rodata._ZTVN5hwlib6circleE
                0x00000000        0xc hwlib.o
 .rodata._ZTVN3due6pin_inE
                0x00000000       0x10 hwlib.o
 .rodata._ZTVN3due7pin_outE
                0x00000000       0x10 hwlib.o
 .bss._ZGVZN5hwlib9uart_getcEvE3pin
                0x00000000        0x4 hwlib.o
 .bss._ZGVZN5hwlib9uart_putcEcE3pin
                0x00000000        0x4 hwlib.o
 .bss._ZZN3due6now_usEvE4high
                0x00000000        0x8 hwlib.o
 .bss._ZZN3due6now_usEvE8last_low
                0x00000000        0x4 hwlib.o
 .bss._ZZN3due6now_usEvE9init_done
                0x00000000        0x1 hwlib.o
 .bss._ZZN5hwlib4randEvE1n
                0x00000000        0x4 hwlib.o
 .bss._ZZN5hwlib9uart_getcEvE3pin
                0x00000000        0xc hwlib.o
 .bss._ZZN5hwlib9uart_putcEcE3pin
                0x00000000        0xc hwlib.o
 .data._ZN5hwlib12pin_oc_dummyE
                0x00000000        0x4 hwlib.o
 .data._ZN5hwlib13pin_out_dummyE
                0x00000000        0x4 hwlib.o
 .data._ZN5hwlib15font_16x16_dataE
                0x00000000      0xbe4 hwlib.o
 .data._ZN5hwlib16pin_in_out_dummyE
                0x00000000        0x4 hwlib.o
 .data._ZN5hwlib3cinE
                0x00000000        0x4 hwlib.o
 .rodata._ZN3due8pin_infoENS_4pinsE.str1.1
                0x00000000       0x33 hwlib.o
 .rodata._ZN5hwlib16font_default_8x86imagesE
                0x00000000      0xa00 hwlib.o
 .rodata._ZN5hwlibL5blackE
                0x00000000        0x4 hwlib.o
 .rodata._ZN5hwlibL5whiteE
                0x00000000        0x4 hwlib.o
 .rodata._ZN5hwliblsERNS_7ostreamENS_8locationE.str1.1
                0x00000000        0x6 hwlib.o
 .rodata._ZZN3due11ad_pin_infoENS_7ad_pinsEE17ad_pin_info_array
                0x00000000        0xc hwlib.o
 .rodata._ZZN3due11ad_seq_infoEmE12ad_seq_array
                0x00000000       0x70 hwlib.o
 .rodata._ZZN3due8pin_infoENS_4pinsEE14pin_info_array
                0x00000000       0xa4 hwlib.o
 .group         0x00000000        0x8 main.o
 .group         0x00000000        0x8 main.o
 .group         0x00000000        0x8 main.o
 .group         0x00000000        0x8 main.o
 .group         0x00000000        0x8 main.o
 .group         0x00000000        0x8 main.o
 .group         0x00000000        0x8 main.o
 .group         0x00000000        0x8 main.o
 .group         0x00000000        0x8 main.o
 .group         0x00000000        0x8 main.o
 .group         0x00000000        0x8 main.o
 .group         0x00000000        0x8 main.o
 .group         0x00000000        0x8 main.o
 .group         0x00000000        0x8 main.o
 .text          0x00000000        0x0 main.o
 .data          0x00000000        0x0 main.o
 .bss           0x00000000        0x0 main.o
 .text._ZN5hwlib6pin_in7refreshEv
                0x00000000        0x2 main.o
 .text._ZN5hwlib7pin_out5flushEv
                0x00000000        0x2 main.o
 .text._ZN5hwlib7port_in7refreshEv
                0x00000000        0x2 main.o
 .text._ZN5hwlib17port_in_from_pins14number_of_pinsEv
                0x00000000        0x4 main.o
 .text._ZN5hwlib17port_in_from_pins3getENS_9bufferingE
                0x00000000       0x1c main.o
 .text._ZN3due6pin_in3getEN5hwlib9bufferingE
                0x00000000       0x10 main.o
 .text._ZN3due7pin_out3setEbN5hwlib9bufferingE
                0x00000000        0xe main.o
 .text._ZN5hwlib7ostream6fillerEi
                0x00000000       0x1a main.o
 .text._ZN5hwliblsERNS_7ostreamEPKc
                0x00000000       0x54 main.o
 .text._ZN3due8pin_infoENS_4pinsE
                0x00000000       0x20 main.o
 .text._ZN3due11ad_pin_infoENS_7ad_pinsE
                0x00000000       0x1c main.o
 .text._ZN3due11ad_seq_infoEm
                0x00000000       0x20 main.o
 .text._ZN3due14port_registersEm
                0x00000000       0x48 main.o
 .text._ZN3due6now_usEv
                0x00000000       0x78 main.o
 .text._ZN5hwlib7wait_usEi
                0x00000000       0x28 main.o
 .text._ZN5hwlib7wait_nsEi
                0x00000000       0x14 main.o
 .text._ZN5hwlib7wait_msEi
                0x00000000       0x16 main.o
 .text._ZN5hwlib9uart_putcEc
                0x00000000       0x40 main.o
 .text._ZN5hwlib9uart_getcEv
                0x00000000       0x3c main.o
 .text._ZN5hwlib6now_usEv
                0x00000000        0x8 main.o
 .rodata._ZTVN5hwlib17port_in_from_pinsE
                0x00000000       0x14 main.o
 .rodata._ZTVN3due6pin_inE
                0x00000000       0x10 main.o
 .rodata._ZTVN3due7pin_outE
                0x00000000       0x10 main.o
 .bss._ZGVZN5hwlib9uart_getcEvE3pin
                0x00000000        0x4 main.o
 .bss._ZGVZN5hwlib9uart_putcEcE3pin
                0x00000000        0x4 main.o
 .bss._ZZN3due6now_usEvE4high
                0x00000000        0x8 main.o
 .bss._ZZN3due6now_usEvE8last_low
                0x00000000        0x4 main.o
 .bss._ZZN3due6now_usEvE9init_done
                0x00000000        0x1 main.o
 .bss._ZZN5hwlib9uart_getcEvE3pin
                0x00000000        0xc main.o
 .bss._ZZN5hwlib9uart_putcEcE3pin
                0x00000000        0xc main.o
 .rodata._ZN3due8pin_infoENS_4pinsE.str1.1
                0x00000000       0x33 main.o
 .rodata._ZZN3due11ad_pin_infoENS_7ad_pinsEE17ad_pin_info_array
                0x00000000        0xc main.o
 .rodata._ZZN3due11ad_seq_infoEmE12ad_seq_array
                0x00000000       0x70 main.o
 .rodata._ZZN3due8pin_infoENS_4pinsEE14pin_info_array
                0x00000000       0xa4 main.o
 .text          0x00000000        0x0 bmptk_cortex.o
 .data          0x00000000        0x0 bmptk_cortex.o
 .bss           0x00000000        0x0 bmptk_cortex.o
 .text.__aeabi_idiv0
                0x00000000        0x4 bmptk_cortex.o
 COMMON         0x00000000        0x4 bmptk_cortex.o
 .text          0x00000000        0x0 bmptk_heap_none.o
 .data          0x00000000        0x0 bmptk_heap_none.o
 .bss           0x00000000        0x0 bmptk_heap_none.o
 .text.malloc   0x00000000        0xa bmptk_heap_none.o
 .text.free     0x00000000        0x4 bmptk_heap_none.o
 .text          0x00000000        0x0 bmptk_fixed_size_stack.o
 .data          0x00000000        0x0 bmptk_fixed_size_stack.o
 .bss           0x00000000        0x0 bmptk_fixed_size_stack.o
 .data          0x00000000        0x0 c:/sysgcc/arm-eabi/bin/../lib/gcc/arm-eabi/6.2.0/thumb/cortex_m3\libgcc.a(_aeabi_ldivmod.o)
 .bss           0x00000000        0x0 c:/sysgcc/arm-eabi/bin/../lib/gcc/arm-eabi/6.2.0/thumb/cortex_m3\libgcc.a(_aeabi_ldivmod.o)
 .text          0x00000000       0x30 c:/sysgcc/arm-eabi/bin/../lib/gcc/arm-eabi/6.2.0/thumb/cortex_m3\libgcc.a(_aeabi_uldivmod.o)
 .data          0x00000000        0x0 c:/sysgcc/arm-eabi/bin/../lib/gcc/arm-eabi/6.2.0/thumb/cortex_m3\libgcc.a(_aeabi_uldivmod.o)
 .bss           0x00000000        0x0 c:/sysgcc/arm-eabi/bin/../lib/gcc/arm-eabi/6.2.0/thumb/cortex_m3\libgcc.a(_aeabi_uldivmod.o)
 .data          0x00000000        0x0 c:/sysgcc/arm-eabi/bin/../lib/gcc/arm-eabi/6.2.0/thumb/cortex_m3\libgcc.a(_udivmoddi4.o)
 .bss           0x00000000        0x0 c:/sysgcc/arm-eabi/bin/../lib/gcc/arm-eabi/6.2.0/thumb/cortex_m3\libgcc.a(_udivmoddi4.o)
 .ARM.extab     0x00000000        0x0 c:/sysgcc/arm-eabi/bin/../lib/gcc/arm-eabi/6.2.0/thumb/cortex_m3\libgcc.a(_udivmoddi4.o)
 .data          0x00000000        0x0 c:/sysgcc/arm-eabi/bin/../lib/gcc/arm-eabi/6.2.0/thumb/cortex_m3\libgcc.a(_dvmd_tls.o)
 .bss           0x00000000        0x0 c:/sysgcc/arm-eabi/bin/../lib/gcc/arm-eabi/6.2.0/thumb/cortex_m3\libgcc.a(_dvmd_tls.o)
 .data          0x00000000        0x0 c:/sysgcc/arm-eabi/bin/../lib/gcc/arm-eabi/6.2.0/../../../../arm-eabi/lib/thumb/cortex_m3\libc.a(lib_a-memset.o)
 .bss           0x00000000        0x0 c:/sysgcc/arm-eabi/bin/../lib/gcc/arm-eabi/6.2.0/../../../../arm-eabi/lib/thumb/cortex_m3\libc.a(lib_a-memset.o)

Memory Configuration

Name             Origin             Length             Attributes
rom              0x00000000         0x00080000         xr
ram              0x20000000         0x00018000         xrw
nul              0x20000000         0x00000000         xrw
*default*        0x00000000         0xffffffff

Linker script and memory map

LOAD c:/sysgcc/arm-eabi/bin/../lib/gcc/arm-eabi/6.2.0/thumb/cortex_m3\libgcc.a
LOAD keymatrix.o
LOAD midi.o
LOAD monochrome8x8dotmatrix.o
LOAD max7219.o
LOAD hwlib.o
LOAD main.o
LOAD bmptk_cortex.o
LOAD bmptk_heap_none.o
LOAD bmptk_fixed_size_stack.o
LOAD c:/sysgcc/arm-eabi/bin/../lib/gcc/arm-eabi/6.2.0/../../../../arm-eabi/lib/thumb/cortex_m3\libstdc++.a
LOAD c:/sysgcc/arm-eabi/bin/../lib/gcc/arm-eabi/6.2.0/../../../../arm-eabi/lib/thumb/cortex_m3\libm.a
START GROUP
LOAD c:/sysgcc/arm-eabi/bin/../lib/gcc/arm-eabi/6.2.0/thumb/cortex_m3\libgcc.a
LOAD c:/sysgcc/arm-eabi/bin/../lib/gcc/arm-eabi/6.2.0/../../../../arm-eabi/lib/thumb/cortex_m3\libc.a
END GROUP
                0x00000000                __rom_start = ORIGIN (rom)
                0x00080000                __rom_size = LENGTH (rom)
                0x00080000                __rom_end = (__rom_start + __rom_size)
                0x20000000                __ram_start = ORIGIN (ram)
                0x00018000                __ram_size = LENGTH (ram)
                0x20018000                __ram_end = (__ram_start + __ram_size)
                [!provide]                PROVIDE (__rom_start, __rom_start)
                [!provide]                PROVIDE (__rom_size, __rom_size)
                [!provide]                PROVIDE (__rom_end, __rom_end)
                [!provide]                PROVIDE (__ram_start, __ram_start)
                [!provide]                PROVIDE (__ram_size, __ram_size)
                [!provide]                PROVIDE (__ram_end, __ram_end)

.text           0x00000000     0x3740
                0x00000000                . = ALIGN (0x4)
                0x00000000                __text_start = .
                [!provide]                PROVIDE (__text_start, __text_start)
                0x00000000                . = ALIGN (0x4)
 *(.vectors)
 .vectors       0x00000000       0x20 bmptk_cortex.o
                0x00000000                __vectors
                0x00000020                . = ALIGN (0x4)
 *(.text .text.* .gnu.linkonce.t.*)
 .text._ZN5hwlib6pin_in7refreshEv
                0x00000020        0x2 keymatrix.o
                0x00000020                _ZN5hwlib6pin_in7refreshEv
 .text._ZN5hwlib7pin_out5flushEv
                0x00000022        0x2 keymatrix.o
                0x00000022                _ZN5hwlib7pin_out5flushEv
 .text._ZN5hwlib7port_in7refreshEv
                0x00000024        0x2 keymatrix.o
                0x00000024                _ZN5hwlib7port_in7refreshEv
 .text._ZN5hwlib17port_in_from_pins14number_of_pinsEv
                0x00000026        0x4 keymatrix.o
                0x00000026                _ZN5hwlib17port_in_from_pins14number_of_pinsEv
 .text._ZN5hwlib17port_in_from_pins3getENS_9bufferingE
                0x0000002a       0x1c keymatrix.o
                0x0000002a                _ZN5hwlib17port_in_from_pins3getENS_9bufferingE
 .text._ZN3due6pin_in3getEN5hwlib9bufferingE
                0x00000046       0x10 keymatrix.o
                0x00000046                _ZN3due6pin_in3getEN5hwlib9bufferingE
 .text._ZN3due7pin_out3setEbN5hwlib9bufferingE
                0x00000056        0xe keymatrix.o
                0x00000056                _ZN3due7pin_out3setEbN5hwlib9bufferingE
 .text._ZN5hwlib7ostream6fillerEi
                0x00000064       0x1a keymatrix.o
                0x00000064                _ZN5hwlib7ostream6fillerEi
 .text._ZN5hwliblsERNS_7ostreamEPKc
                0x0000007e       0x54 keymatrix.o
                0x0000007e                _ZN5hwliblsERNS_7ostreamEPKc
 *fill*         0x000000d2        0x2 
 .text._ZN3due8pin_infoENS_4pinsE
                0x000000d4       0x20 keymatrix.o
                0x000000d4                _ZN3due8pin_infoENS_4pinsE
 .text._ZN3due14port_registersEm
                0x000000f4       0x48 keymatrix.o
                0x000000f4                _ZN3due14port_registersEm
 *fill*         0x0000013c        0x4 
 .text._ZN5hwlib7wait_usEi
                0x00000140       0x28 keymatrix.o
                0x00000140                _ZN5hwlib7wait_usEi
 .text._ZN5hwlib7wait_msEi
                0x00000168       0x16 keymatrix.o
                0x00000168                _ZN5hwlib7wait_msEi
 *fill*         0x0000017e        0x2 
 .text._ZN5hwlib9uart_putcEc
                0x00000180       0x40 keymatrix.o
                0x00000180                _ZN5hwlib9uart_putcEc
 .text._ZN9keymatrixC2ERN5hwlib17port_in_from_pinsERKiS4_
                0x000001c0       0x58 keymatrix.o
                0x000001c0                _ZN9keymatrixC1ERN5hwlib17port_in_from_pinsERKiS4_
                0x000001c0                _ZN9keymatrixC2ERN5hwlib17port_in_from_pinsERKiS4_
 .text._ZN9keymatrix3setEiPA17_bPA17_h
                0x00000218      0x158 keymatrix.o
                0x00000218                _ZN9keymatrix3setEiPA17_bPA17_h
 .text._ZN9keymatrix8shiftOutERN3due7pin_outES2_h
                0x00000370       0x42 keymatrix.o
                0x00000370                _ZN9keymatrix8shiftOutERN3due7pin_outES2_h
 .text._ZN9keymatrix10scanColumnEiRN3due7pin_outES2_S2_
                0x000003b2       0x3e keymatrix.o
                0x000003b2                _ZN9keymatrix10scanColumnEiRN3due7pin_outES2_S2_
 .text._ZN5hwlib7ostream7reverse10add_prefixERKS0_.part.1
                0x000003f0       0x4c midi.o
 .text._ZN5hwliblsERNS_7ostreamEi
                0x0000043c       0x94 midi.o
                0x0000043c                _ZN5hwliblsERNS_7ostreamEi
 .text._ZN4midiC2ERN5hwlib17port_in_from_pinsERKiS4_
                0x000004d0        0xc midi.o
                0x000004d0                _ZN4midiC2ERN5hwlib17port_in_from_pinsERKiS4_
                0x000004d0                _ZN4midiC1ERN5hwlib17port_in_from_pinsERKiS4_
 .text._ZN4midi6noteOnERN3due7pin_outEhiihPA17_h
                0x000004dc       0xa8 midi.o
                0x000004dc                _ZN4midi6noteOnERN3due7pin_outEhiihPA17_h
 .text._ZN4midi7noteOffERN3due7pin_outEhiihPA17_h
                0x00000584      0x138 midi.o
                0x00000584                _ZN4midi7noteOffERN3due7pin_outEhiihPA17_h
 .text._ZN22monochrome8x8dotmatrixC2ERKiS1_
                0x000006bc       0x14 monochrome8x8dotmatrix.o
                0x000006bc                _ZN22monochrome8x8dotmatrixC1ERKiS1_
                0x000006bc                _ZN22monochrome8x8dotmatrixC2ERKiS1_
 .text._ZN5hwlib7ostreamlsEc
                0x000006d0        0xe max7219.o
                0x000006d0                _ZN5hwlib7ostreamlsEc
 *fill*         0x000006de        0x2 
 .text._ZN7max7219C2EN3due7pin_outES1_S1_RKiS3_
                0x000006e0       0x58 max7219.o
                0x000006e0                _ZN7max7219C1EN3due7pin_outES1_S1_RKiS3_
                0x000006e0                _ZN7max7219C2EN3due7pin_outES1_S1_RKiS3_
 .text._ZN7max72198setPixelEiib
                0x00000738       0x1c max7219.o
                0x00000738                _ZN7max72198setPixelEiib
 .text._ZN7max72198pulseClkEN3due7pin_outEi
                0x00000754       0x18 max7219.o
                0x00000754                _ZN7max72198pulseClkEN3due7pin_outEi
 .text._ZN7max721915shiftDataRepeatEth
                0x0000076c       0xa8 max7219.o
                0x0000076c                _ZN7max721915shiftDataRepeatEth
 .text._ZN7max721914sendDataRepeatEth
                0x00000814       0x16 max7219.o
                0x00000814                _ZN7max721914sendDataRepeatEth
 .text._ZN7max72195SetupEv
                0x0000082a       0x4a max7219.o
                0x0000082a                _ZN7max72195SetupEv
 .text._ZN7max721912set8x8matrixEPA9_Kii
                0x00000874       0x3c max7219.o
                0x00000874                _ZN7max721912set8x8matrixEPA9_Kii
 .text._ZN7max72194drawEv
                0x000008b0       0x9c max7219.o
                0x000008b0                _ZN7max72194drawEv
 .text._ZN7max72199drawPixelEiib
                0x0000094c        0xe max7219.o
                0x0000094c                _ZN7max72199drawPixelEiib
 .text._ZN7max721912clearDisplayEv
                0x0000095a       0x2a max7219.o
                0x0000095a                _ZN7max721912clearDisplayEv
 .text._ZN7max721917checkOutputmatrixEv
                0x00000984      0x10c max7219.o
                0x00000984                _ZN7max721917checkOutputmatrixEv
 .text._ZN5hwlib19_pin_in_dummy_class3getENS_9bufferingE
                0x00000a90        0x4 hwlib.o
                0x00000a90                _ZN5hwlib19_pin_in_dummy_class3getENS_9bufferingE
 .text._ZN5hwlib7ostream5flushEv
                0x00000a94        0x2 hwlib.o
                0x00000a94                _ZN5hwlib7ostream5flushEv
 .text._ZN5hwlib5panicEPKcj
                0x00000a96        0x2 hwlib.o
                0x00000a96                _ZN5hwlib5panicEPKcj
 .text._ZN5hwlib40uart_putc_bit_banged_pin_custom_baudrateEcRNS_7pin_outEi
                0x00000a98       0x68 hwlib.o
                0x00000a98                _ZN5hwlib40uart_putc_bit_banged_pin_custom_baudrateEcRNS_7pin_outEi
 .text._ZN5hwlib24uart_putc_bit_banged_pinEcRNS_7pin_outE
                0x00000b00        0xc hwlib.o
                0x00000b00                _ZN5hwlib24uart_putc_bit_banged_pinEcRNS_7pin_outE
 .text._ZN5hwlib20cout_using_uart_putc4putcEc
                0x00000b0c        0xa hwlib.o
                0x00000b0c                _ZN5hwlib20cout_using_uart_putc4putcEc
 *fill*         0x00000b16        0x2 
 .text._ZN3due6pin_inC2ENS_4pinsE
                0x00000b18       0x34 main.o
                0x00000b18                _ZN3due6pin_inC2ENS_4pinsE
                0x00000b18                _ZN3due6pin_inC1ENS_4pinsE
 .text._ZN3due7pin_outC2ENS_4pinsE
                0x00000b4c       0x34 main.o
                0x00000b4c                _ZN3due7pin_outC2ENS_4pinsE
                0x00000b4c                _ZN3due7pin_outC1ENS_4pinsE
 .text.startup.main
                0x00000b80      0x328 main.o
                0x00000b80                main
 .text.__startup
                0x00000ea8       0x48 bmptk_cortex.o
                0x00000ea8                __startup
 .text.__cxa_pure_virtual
                0x00000ef0        0x2 bmptk_cortex.o
                0x00000ef0                __cxa_pure_virtual
 *fill*         0x00000ef2        0x2 
 .text          0x00000ef4       0xa0 c:/sysgcc/arm-eabi/bin/../lib/gcc/arm-eabi/6.2.0/thumb/cortex_m3\libgcc.a(_aeabi_ldivmod.o)
                0x00000ef4                __aeabi_ldivmod
 .text          0x00000f94      0x2dc c:/sysgcc/arm-eabi/bin/../lib/gcc/arm-eabi/6.2.0/thumb/cortex_m3\libgcc.a(_udivmoddi4.o)
                0x00000f94                __udivmoddi4
 .text          0x00001270        0x4 c:/sysgcc/arm-eabi/bin/../lib/gcc/arm-eabi/6.2.0/thumb/cortex_m3\libgcc.a(_dvmd_tls.o)
                0x00001270                __aeabi_ldiv0
 .text          0x00001274       0x9c c:/sysgcc/arm-eabi/bin/../lib/gcc/arm-eabi/6.2.0/../../../../arm-eabi/lib/thumb/cortex_m3\libc.a(lib_a-memset.o)
                0x00001274                memset
                0x00001310                . = ALIGN (0x4)
 *(.glue_7t .glue_7)
 .glue_7        0x00001310        0x0 linker stubs
 .glue_7t       0x00001310        0x0 linker stubs
                0x00001310                . = ALIGN (0x4)
 *(.rodata .rodata.* .gnu.linkonce.r.*)
 .rodata._ZTVN5hwlib17port_in_from_pinsE
                0x00001310       0x14 keymatrix.o
                0x00001310                _ZTVN5hwlib17port_in_from_pinsE
 .rodata._ZTVN3due6pin_inE
                0x00001324       0x10 keymatrix.o
                0x00001324                _ZTVN3due6pin_inE
 .rodata._ZTVN3due7pin_outE
                0x00001334       0x10 keymatrix.o
                0x00001334                _ZTVN3due7pin_outE
 .rodata        0x00001344       0x20 keymatrix.o
 .rodata._ZN3due8pin_infoENS_4pinsE.str1.1
                0x00001364       0x33 keymatrix.o
 .rodata._ZN9keymatrix3setEiPA17_bPA17_h.str1.1
                0x00001397        0xe keymatrix.o
 .rodata._ZZN3due8pin_infoENS_4pinsEE14pin_info_array
                0x000013a5       0xa4 keymatrix.o
 .rodata._ZN4midi6noteOnERN3due7pin_outEhiihPA17_h.str1.1
                0x00001449       0x50 midi.o
                                 0x55 (size before relaxing)
 .rodata._ZN4midi7noteOffERN3due7pin_outEhiihPA17_h.str1.1
                0x00001499       0x22 midi.o
 *fill*         0x000014bb        0x1 
 .rodata._ZTV22monochrome8x8dotmatrix
                0x000014bc       0x10 monochrome8x8dotmatrix.o
                0x000014bc                _ZTV22monochrome8x8dotmatrix
 .rodata._ZN7max721915shiftDataRepeatEth.str1.1
                0x000014cc        0x7 max7219.o
                                 0x11 (size before relaxing)
 *fill*         0x000014d3        0x1 
 .rodata._ZTV7max7219
                0x000014d4       0x10 max7219.o
                0x000014d4                _ZTV7max7219
 .rodata._ZTVN5hwlib19_pin_in_dummy_classE
                0x000014e4       0x10 hwlib.o
                0x000014e4                _ZTVN5hwlib19_pin_in_dummy_classE
 .rodata._ZTVN5hwlib20cout_using_uart_putcE
                0x000014f4       0x10 hwlib.o
                0x000014f4                _ZTVN5hwlib20cout_using_uart_putcE
 .rodata._ZL4MXIN
                0x00001504      0x654 main.o
 .rodata._ZL7LETTERS
                0x00001b58      0xf30 main.o
 .rodata._ZL7NUMBERS
                0x00002a88      0xca8 main.o
 .rodata.main.str1.1
                0x00003730       0x10 main.o
                0x00003740                . = ALIGN (0x4)
 *(.ARM.extab* .gnu.linkonce.armextab.*)
                0x00003740                . = ALIGN (0x4)
 *(.gcc_except_table)
                0x00003740                . = ALIGN (0x4)
 *(.eh_frame_hdr)
                0x00003740                . = ALIGN (0x4)
 *(.eh_frame)
                0x00003740                . = ALIGN (0x4)
                0x00003740                __text_end = .
                [!provide]                PROVIDE (__text_end, __text_end)

.vfp11_veneer   0x00003740        0x0
 .vfp11_veneer  0x00003740        0x0 linker stubs

.v4_bx          0x00003740        0x0
 .v4_bx         0x00003740        0x0 linker stubs

.iplt           0x00003740        0x0
 .iplt          0x00003740        0x0 keymatrix.o

.IF_YOU_SEE_THIS_YOU_HAVE_ONE_OR_MORE_GLOBAL_OBJECT_CONSTRUCTORS
 *(.init)
 *(.preinit_array)
 *(SORT(.init_array.*))
 *(.init_array)
                0x00003740                . = ALIGN (0x4)
                0x00003740                __exidx_start = .
                [!provide]                PROVIDE (__exidx_start, __exidx_start)

.ARM.exidx      0x00003740        0x8
 *(.ARM.exidx* .gnu.linkonce.armexidx.*)
 .ARM.exidx     0x00003740        0x8 c:/sysgcc/arm-eabi/bin/../lib/gcc/arm-eabi/6.2.0/thumb/cortex_m3\libgcc.a(_udivmoddi4.o)

.rel.dyn        0x00003748        0x0
 .rel.iplt      0x00003748        0x0 keymatrix.o
                0x00003748                . = ALIGN (0x4)
                0x00003748                __exidx_end = .
                [!provide]                PROVIDE (__exidx_end, __exidx_end)

.bss            0x20000000    0x12010
                0x20000000                . = ALIGN (0x4)
                0x20000000                __stack_start = .
                [!provide]                PROVIDE (__stack_start, __stack_start)
                0x20000000                . = ALIGN (0x4)
 *(.bmptk_stack)
 .bmptk_stack   0x20000000    0x12000 bmptk_fixed_size_stack.o
                0x20000000                bmptk_stack
                0x20012000                . = ALIGN (0x8)
                0x20012000                __main_stack_end = .
                [!provide]                PROVIDE (__main_stack_end, __main_stack_end)
                0x20012000                . = ALIGN (0x4)
                0x20012000                __stack_end = .
                [!provide]                PROVIDE (__stack_end, __stack_end)
                0x20012000                . = ALIGN (0x4)
                0x20012000                __bss_start = .
                [!provide]                PROVIDE (__bss_start, __bss_start)
                0x20012000                . = ALIGN (0x4)
 *(.bss .bss.* .gnu.linkonce.b.*)
 .bss._ZGVZN5hwlib9uart_putcEcE3pin
                0x20012000        0x4 keymatrix.o
 .bss._ZZN5hwlib9uart_putcEcE3pin
                0x20012004        0xc keymatrix.o
                0x20012010                . = ALIGN (0x4)
 *(COMMON)
                0x20012010                . = ALIGN (0x4)
                0x20012010                __bss_end = .
                [!provide]                PROVIDE (__bss_end, __bss_end)

.data           0x20012010       0x18 load address 0x00003748
                0x20012010                . = ALIGN (0x4)
                0x00003748                __data_init_start = LOADADDR (.data)
                [!provide]                PROVIDE (__data_init_start, __data_init_start)
                0x20012010                __data_start = .
                [!provide]                PROVIDE (__data_start, __data_start)
                0x20012010                . = ALIGN (0x4)
 *(.data .data.* .gnu.linkonce.d.*)
 .data._ZN5hwlib12pin_in_dummyE
                0x20012010        0x4 hwlib.o
                0x20012010                _ZN5hwlib12pin_in_dummyE
 .data._ZN5hwlib4coutE
                0x20012014       0x14 hwlib.o
                0x20012014                _ZN5hwlib4coutE
                0x20012028                . = ALIGN (0x4)
                0x20012028                __data_end = .
                [!provide]                PROVIDE (__data_end, __data_end)
                0x00003748                __data_init_end = LOADADDR (.data)
                [!provide]                PROVIDE (__data_init_end, __data_init_end)
                0x00000018                PROVIDE (__data_size, (__data_end - __data_start))
                0x00000018                PROVIDE (__data_init_size, __data_size)
                [!provide]                PROVIDE (__data_init_end, (__data_init_start + __data_init_size))

.igot.plt       0x20012028        0x0 load address 0x00003760
 .igot.plt      0x20012028        0x0 keymatrix.o
                0x20012028                . = ALIGN (0x4)
                0x20012028                __heap_start = .
                [!provide]                PROVIDE (__heap_start, __heap_start)
                0x20012028                . = ALIGN (0x4)
                0x20018000                __heap_end = __ram_end
                [!provide]                PROVIDE (__heap_end, __heap_end)

.stab
 *(.stab)

.stabstr
 *(.stabstr)

.debug
 *(.debug)

.line
 *(.line)

.debug_srcinfo
 *(.debug_srcinfo)

.debug_sfnames
 *(.debug_sfnames)

.debug_aranges  0x00000000       0xa0
 *(.debug_aranges)
 .debug_aranges
                0x00000000       0x20 c:/sysgcc/arm-eabi/bin/../lib/gcc/arm-eabi/6.2.0/thumb/cortex_m3\libgcc.a(_aeabi_ldivmod.o)
 .debug_aranges
                0x00000020       0x20 c:/sysgcc/arm-eabi/bin/../lib/gcc/arm-eabi/6.2.0/thumb/cortex_m3\libgcc.a(_aeabi_uldivmod.o)
 .debug_aranges
                0x00000040       0x20 c:/sysgcc/arm-eabi/bin/../lib/gcc/arm-eabi/6.2.0/thumb/cortex_m3\libgcc.a(_udivmoddi4.o)
 .debug_aranges
                0x00000060       0x20 c:/sysgcc/arm-eabi/bin/../lib/gcc/arm-eabi/6.2.0/thumb/cortex_m3\libgcc.a(_dvmd_tls.o)
 .debug_aranges
                0x00000080       0x20 c:/sysgcc/arm-eabi/bin/../lib/gcc/arm-eabi/6.2.0/../../../../arm-eabi/lib/thumb/cortex_m3\libc.a(lib_a-memset.o)

.debug_pubnames
 *(.debug_pubnames)

.debug_info     0x00000000     0x1cb8
 *(.debug_info .gnu.linkonce.wi.*)
 .debug_info    0x00000000       0xd9 c:/sysgcc/arm-eabi/bin/../lib/gcc/arm-eabi/6.2.0/thumb/cortex_m3\libgcc.a(_aeabi_ldivmod.o)
 .debug_info    0x000000d9       0xd9 c:/sysgcc/arm-eabi/bin/../lib/gcc/arm-eabi/6.2.0/thumb/cortex_m3\libgcc.a(_aeabi_uldivmod.o)
 .debug_info    0x000001b2      0xc00 c:/sysgcc/arm-eabi/bin/../lib/gcc/arm-eabi/6.2.0/thumb/cortex_m3\libgcc.a(_udivmoddi4.o)
 .debug_info    0x00000db2       0xdd c:/sysgcc/arm-eabi/bin/../lib/gcc/arm-eabi/6.2.0/thumb/cortex_m3\libgcc.a(_dvmd_tls.o)
 .debug_info    0x00000e8f      0xe29 c:/sysgcc/arm-eabi/bin/../lib/gcc/arm-eabi/6.2.0/../../../../arm-eabi/lib/thumb/cortex_m3\libc.a(lib_a-memset.o)

.debug_abbrev   0x00000000      0x3a6
 *(.debug_abbrev)
 .debug_abbrev  0x00000000       0x14 c:/sysgcc/arm-eabi/bin/../lib/gcc/arm-eabi/6.2.0/thumb/cortex_m3\libgcc.a(_aeabi_ldivmod.o)
 .debug_abbrev  0x00000014       0x14 c:/sysgcc/arm-eabi/bin/../lib/gcc/arm-eabi/6.2.0/thumb/cortex_m3\libgcc.a(_aeabi_uldivmod.o)
 .debug_abbrev  0x00000028      0x18c c:/sysgcc/arm-eabi/bin/../lib/gcc/arm-eabi/6.2.0/thumb/cortex_m3\libgcc.a(_udivmoddi4.o)
 .debug_abbrev  0x000001b4       0x14 c:/sysgcc/arm-eabi/bin/../lib/gcc/arm-eabi/6.2.0/thumb/cortex_m3\libgcc.a(_dvmd_tls.o)
 .debug_abbrev  0x000001c8      0x1de c:/sysgcc/arm-eabi/bin/../lib/gcc/arm-eabi/6.2.0/../../../../arm-eabi/lib/thumb/cortex_m3\libc.a(lib_a-memset.o)

.debug_line     0x00000000      0x58c
 *(.debug_line)
 .debug_line    0x00000000       0x85 c:/sysgcc/arm-eabi/bin/../lib/gcc/arm-eabi/6.2.0/thumb/cortex_m3\libgcc.a(_aeabi_ldivmod.o)
 .debug_line    0x00000085       0x67 c:/sysgcc/arm-eabi/bin/../lib/gcc/arm-eabi/6.2.0/thumb/cortex_m3\libgcc.a(_aeabi_uldivmod.o)
 .debug_line    0x000000ec      0x24e c:/sysgcc/arm-eabi/bin/../lib/gcc/arm-eabi/6.2.0/thumb/cortex_m3\libgcc.a(_udivmoddi4.o)
 .debug_line    0x0000033a       0x67 c:/sysgcc/arm-eabi/bin/../lib/gcc/arm-eabi/6.2.0/thumb/cortex_m3\libgcc.a(_dvmd_tls.o)
 .debug_line    0x000003a1      0x1eb c:/sysgcc/arm-eabi/bin/../lib/gcc/arm-eabi/6.2.0/../../../../arm-eabi/lib/thumb/cortex_m3\libc.a(lib_a-memset.o)

.debug_frame    0x00000000       0xd8
 *(.debug_frame)
 .debug_frame   0x00000000       0x44 c:/sysgcc/arm-eabi/bin/../lib/gcc/arm-eabi/6.2.0/thumb/cortex_m3\libgcc.a(_aeabi_ldivmod.o)
 .debug_frame   0x00000044       0x2c c:/sysgcc/arm-eabi/bin/../lib/gcc/arm-eabi/6.2.0/thumb/cortex_m3\libgcc.a(_aeabi_uldivmod.o)
 .debug_frame   0x00000070       0x34 c:/sysgcc/arm-eabi/bin/../lib/gcc/arm-eabi/6.2.0/thumb/cortex_m3\libgcc.a(_udivmoddi4.o)
 .debug_frame   0x000000a4       0x34 c:/sysgcc/arm-eabi/bin/../lib/gcc/arm-eabi/6.2.0/../../../../arm-eabi/lib/thumb/cortex_m3\libc.a(lib_a-memset.o)

.debug_str      0x00000000     0x139c
 *(.debug_str)
 .debug_str     0x00000000      0xc14 c:/sysgcc/arm-eabi/bin/../lib/gcc/arm-eabi/6.2.0/thumb/cortex_m3\libgcc.a(_udivmoddi4.o)
                                0xc9d (size before relaxing)
 .debug_str     0x00000c14      0x788 c:/sysgcc/arm-eabi/bin/../lib/gcc/arm-eabi/6.2.0/../../../../arm-eabi/lib/thumb/cortex_m3\libc.a(lib_a-memset.o)
                                0x8ed (size before relaxing)

.debug_loc      0x00000000      0xf76
 *(.debug_loc)
 .debug_loc     0x00000000      0xdb9 c:/sysgcc/arm-eabi/bin/../lib/gcc/arm-eabi/6.2.0/thumb/cortex_m3\libgcc.a(_udivmoddi4.o)
 .debug_loc     0x00000db9      0x1bd c:/sysgcc/arm-eabi/bin/../lib/gcc/arm-eabi/6.2.0/../../../../arm-eabi/lib/thumb/cortex_m3\libc.a(lib_a-memset.o)

.comment        0x00000000       0x11
 .comment       0x00000000       0x11 keymatrix.o
                                 0x12 (size before relaxing)
 .comment       0x00000011       0x12 midi.o
 .comment       0x00000011       0x12 monochrome8x8dotmatrix.o
 .comment       0x00000011       0x12 max7219.o
 .comment       0x00000011       0x12 hwlib.o
 .comment       0x00000011       0x12 main.o
 .comment       0x00000011       0x12 bmptk_cortex.o
 .comment       0x00000011       0x12 bmptk_heap_none.o
 .comment       0x00000011       0x12 bmptk_fixed_size_stack.o
 .comment       0x00000011       0x12 c:/sysgcc/arm-eabi/bin/../lib/gcc/arm-eabi/6.2.0/thumb/cortex_m3\libgcc.a(_udivmoddi4.o)
 .comment       0x00000011       0x12 c:/sysgcc/arm-eabi/bin/../lib/gcc/arm-eabi/6.2.0/../../../../arm-eabi/lib/thumb/cortex_m3\libc.a(lib_a-memset.o)

.debug_macinfo
 *(.debug_macinfo)

.debug_weaknames
 *(.debug_weaknames)

.debug_funcnames
 *(.debug_funcnames)

.debug_typenames
 *(.debug_typenames)

.debug_varnames
 *(.debug_varnames)

.note.gnu.arm.ident
 *(.note.gnu.arm.ident)

.ARM.attributes
                0x00000000       0x33
 *(.ARM.attributes)
 .ARM.attributes
                0x00000000       0x33 keymatrix.o
 .ARM.attributes
                0x00000033       0x33 midi.o
 .ARM.attributes
                0x00000066       0x33 monochrome8x8dotmatrix.o
 .ARM.attributes
                0x00000099       0x33 max7219.o
 .ARM.attributes
                0x000000cc       0x33 hwlib.o
 .ARM.attributes
                0x000000ff       0x33 main.o
 .ARM.attributes
                0x00000132       0x33 bmptk_cortex.o
 .ARM.attributes
                0x00000165       0x33 bmptk_heap_none.o
 .ARM.attributes
                0x00000198       0x33 bmptk_fixed_size_stack.o
 .ARM.attributes
                0x000001cb       0x23 c:/sysgcc/arm-eabi/bin/../lib/gcc/arm-eabi/6.2.0/thumb/cortex_m3\libgcc.a(_aeabi_ldivmod.o)
 .ARM.attributes
                0x000001ee       0x23 c:/sysgcc/arm-eabi/bin/../lib/gcc/arm-eabi/6.2.0/thumb/cortex_m3\libgcc.a(_aeabi_uldivmod.o)
 .ARM.attributes
                0x00000211       0x33 c:/sysgcc/arm-eabi/bin/../lib/gcc/arm-eabi/6.2.0/thumb/cortex_m3\libgcc.a(_udivmoddi4.o)
 .ARM.attributes
                0x00000244       0x23 c:/sysgcc/arm-eabi/bin/../lib/gcc/arm-eabi/6.2.0/thumb/cortex_m3\libgcc.a(_dvmd_tls.o)
 .ARM.attributes
                0x00000267       0x33 c:/sysgcc/arm-eabi/bin/../lib/gcc/arm-eabi/6.2.0/../../../../arm-eabi/lib/thumb/cortex_m3\libc.a(lib_a-memset.o)

/DISCARD/
 *(.note.GNU-stack)
                [!provide]                PROVIDE (__text_size, (__text_end - __text_start))
                [!provide]                PROVIDE (__exidx_size, (__exidx_end - __exidx_start))
                [!provide]                PROVIDE (__bss_size, (__bss_end - __bss_start))
                [!provide]                PROVIDE (__stack_size, (__stack_end - __stack_start))
                [!provide]                PROVIDE (__heap_size, (__heap_end - __heap_start))
OUTPUT(main.elf elf32-littlearm)

.debug_ranges   0x00000000       0xf0
 .debug_ranges  0x00000000       0xf0 c:/sysgcc/arm-eabi/bin/../lib/gcc/arm-eabi/6.2.0/thumb/cortex_m3\libgcc.a(_udivmoddi4.o)
